Archive member included to satisfy reference by file (symbol)

d:/progra~1/gnuarm~1/102021~1.10/bin/../lib/gcc/arm-none-eabi/10.3.1/../../../../arm-none-eabi/lib/thumb/v7e-m+fp/hard\libc_nano.a(lib_a-exit.o)
                              d:/progra~1/gnuarm~1/102021~1.10/bin/../lib/gcc/arm-none-eabi/10.3.1/../../../../arm-none-eabi/lib/thumb/v7e-m+fp/hard/crt0.o (exit)
d:/progra~1/gnuarm~1/102021~1.10/bin/../lib/gcc/arm-none-eabi/10.3.1/../../../../arm-none-eabi/lib/thumb/v7e-m+fp/hard\libc_nano.a(lib_a-impure.o)
                              d:/progra~1/gnuarm~1/102021~1.10/bin/../lib/gcc/arm-none-eabi/10.3.1/../../../../arm-none-eabi/lib/thumb/v7e-m+fp/hard\libc_nano.a(lib_a-exit.o) (_global_impure_ptr)
d:/progra~1/gnuarm~1/102021~1.10/bin/../lib/gcc/arm-none-eabi/10.3.1/../../../../arm-none-eabi/lib/thumb/v7e-m+fp/hard\libc_nano.a(lib_a-init.o)
                              d:/progra~1/gnuarm~1/102021~1.10/bin/../lib/gcc/arm-none-eabi/10.3.1/../../../../arm-none-eabi/lib/thumb/v7e-m+fp/hard/crt0.o (__libc_init_array)
d:/progra~1/gnuarm~1/102021~1.10/bin/../lib/gcc/arm-none-eabi/10.3.1/../../../../arm-none-eabi/lib/thumb/v7e-m+fp/hard\libc_nano.a(lib_a-memset.o)
                              d:/progra~1/gnuarm~1/102021~1.10/bin/../lib/gcc/arm-none-eabi/10.3.1/../../../../arm-none-eabi/lib/thumb/v7e-m+fp/hard/crt0.o (memset)
d:/progra~1/gnuarm~1/102021~1.10/bin/../lib/gcc/arm-none-eabi/10.3.1/../../../../arm-none-eabi/lib/thumb/v7e-m+fp/hard\libnosys.a(_exit.o)
                              d:/progra~1/gnuarm~1/102021~1.10/bin/../lib/gcc/arm-none-eabi/10.3.1/../../../../arm-none-eabi/lib/thumb/v7e-m+fp/hard\libc_nano.a(lib_a-exit.o) (_exit)
d:/progra~1/gnuarm~1/102021~1.10/bin/../lib/gcc/arm-none-eabi/10.3.1/thumb/v7e-m+fp/hard\libgcc.a(_aeabi_uldivmod.o)
                              CMakeFiles/nucleo-f413zh.out.dir/Drivers/STM32F4xx_HAL_Driver/Src/stm32f4xx_hal_uart.c.obj (__aeabi_uldivmod)
d:/progra~1/gnuarm~1/102021~1.10/bin/../lib/gcc/arm-none-eabi/10.3.1/thumb/v7e-m+fp/hard\libgcc.a(_udivmoddi4.o)
                              d:/progra~1/gnuarm~1/102021~1.10/bin/../lib/gcc/arm-none-eabi/10.3.1/thumb/v7e-m+fp/hard\libgcc.a(_aeabi_uldivmod.o) (__udivmoddi4)
d:/progra~1/gnuarm~1/102021~1.10/bin/../lib/gcc/arm-none-eabi/10.3.1/thumb/v7e-m+fp/hard\libgcc.a(_dvmd_tls.o)
                              d:/progra~1/gnuarm~1/102021~1.10/bin/../lib/gcc/arm-none-eabi/10.3.1/thumb/v7e-m+fp/hard\libgcc.a(_aeabi_uldivmod.o) (__aeabi_ldiv0)

Discarded input sections

 .text          0x00000000        0x0 d:/progra~1/gnuarm~1/102021~1.10/bin/../lib/gcc/arm-none-eabi/10.3.1/thumb/v7e-m+fp/hard/crti.o
 .data          0x00000000        0x0 d:/progra~1/gnuarm~1/102021~1.10/bin/../lib/gcc/arm-none-eabi/10.3.1/thumb/v7e-m+fp/hard/crti.o
 .bss           0x00000000        0x0 d:/progra~1/gnuarm~1/102021~1.10/bin/../lib/gcc/arm-none-eabi/10.3.1/thumb/v7e-m+fp/hard/crti.o
 .data          0x00000000        0x4 d:/progra~1/gnuarm~1/102021~1.10/bin/../lib/gcc/arm-none-eabi/10.3.1/thumb/v7e-m+fp/hard/crtbegin.o
 .rodata        0x00000000       0x24 d:/progra~1/gnuarm~1/102021~1.10/bin/../lib/gcc/arm-none-eabi/10.3.1/thumb/v7e-m+fp/hard/crtbegin.o
 .text          0x00000000       0x7c d:/progra~1/gnuarm~1/102021~1.10/bin/../lib/gcc/arm-none-eabi/10.3.1/../../../../arm-none-eabi/lib/thumb/v7e-m+fp/hard/crt0.o
 .data          0x00000000        0x0 d:/progra~1/gnuarm~1/102021~1.10/bin/../lib/gcc/arm-none-eabi/10.3.1/../../../../arm-none-eabi/lib/thumb/v7e-m+fp/hard/crt0.o
 .bss           0x00000000        0x0 d:/progra~1/gnuarm~1/102021~1.10/bin/../lib/gcc/arm-none-eabi/10.3.1/../../../../arm-none-eabi/lib/thumb/v7e-m+fp/hard/crt0.o
 .ARM.extab     0x00000000        0x0 d:/progra~1/gnuarm~1/102021~1.10/bin/../lib/gcc/arm-none-eabi/10.3.1/../../../../arm-none-eabi/lib/thumb/v7e-m+fp/hard/crt0.o
 .ARM.exidx     0x00000000       0x10 d:/progra~1/gnuarm~1/102021~1.10/bin/../lib/gcc/arm-none-eabi/10.3.1/../../../../arm-none-eabi/lib/thumb/v7e-m+fp/hard/crt0.o
 .ARM.attributes
                0x00000000       0x1c d:/progra~1/gnuarm~1/102021~1.10/bin/../lib/gcc/arm-none-eabi/10.3.1/../../../../arm-none-eabi/lib/thumb/v7e-m+fp/hard/crt0.o
 .text          0x00000000        0x0 d:/progra~1/gnuarm~1/102021~1.10/bin/../lib/gcc/arm-none-eabi/10.3.1/../../../../arm-none-eabi/lib/thumb/v7e-m+fp/hard\libc_nano.a(lib_a-exit.o)
 .data          0x00000000        0x0 d:/progra~1/gnuarm~1/102021~1.10/bin/../lib/gcc/arm-none-eabi/10.3.1/../../../../arm-none-eabi/lib/thumb/v7e-m+fp/hard\libc_nano.a(lib_a-exit.o)
 .bss           0x00000000        0x0 d:/progra~1/gnuarm~1/102021~1.10/bin/../lib/gcc/arm-none-eabi/10.3.1/../../../../arm-none-eabi/lib/thumb/v7e-m+fp/hard\libc_nano.a(lib_a-exit.o)
 .text.exit     0x00000000       0x28 d:/progra~1/gnuarm~1/102021~1.10/bin/../lib/gcc/arm-none-eabi/10.3.1/../../../../arm-none-eabi/lib/thumb/v7e-m+fp/hard\libc_nano.a(lib_a-exit.o)
[...]
Memory Configuration

Name             Origin             Length             Attributes
RAM              0x20000000         0x00050000         xrw
FLASH            0x08000000         0x00180000         xr
*default*        0x00000000         0xffffffff

Linker script and memory map

LOAD d:/progra~1/gnuarm~1/102021~1.10/bin/../lib/gcc/arm-none-eabi/10.3.1/thumb/v7e-m+fp/hard/crti.o
LOAD d:/progra~1/gnuarm~1/102021~1.10/bin/../lib/gcc/arm-none-eabi/10.3.1/thumb/v7e-m+fp/hard/crtbegin.o
LOAD d:/progra~1/gnuarm~1/102021~1.10/bin/../lib/gcc/arm-none-eabi/10.3.1/../../../../arm-none-eabi/lib/thumb/v7e-m+fp/hard/crt0.o
LOAD d:/progra~1/gnuarm~1/102021~1.10/bin/../lib/gcc/arm-none-eabi/10.3.1/../../../../arm-none-eabi/lib/thumb/v7e-m+fp/hard\libc_nano.a
LOAD d:/progra~1/gnuarm~1/102021~1.10/bin/../lib/gcc/arm-none-eabi/10.3.1/../../../../arm-none-eabi/lib/thumb/v7e-m+fp/hard\libm.a
LOAD d:/progra~1/gnuarm~1/102021~1.10/bin/../lib/gcc/arm-none-eabi/10.3.1/../../../../arm-none-eabi/lib/thumb/v7e-m+fp/hard\libnosys.a
LOAD CMakeFiles/nucleo-f413zh.out.dir/Drivers/STM32F4xx_HAL_Driver/Src/stm32f4xx_hal_tim.c.obj
LOAD CMakeFiles/nucleo-f413zh.out.dir/Drivers/STM32F4xx_HAL_Driver/Src/stm32f4xx_hal_tim_ex.c.obj
LOAD CMakeFiles/nucleo-f413zh.out.dir/Drivers/STM32F4xx_HAL_Driver/Src/stm32f4xx_hal_uart.c.obj
LOAD CMakeFiles/nucleo-f413zh.out.dir/Drivers/STM32F4xx_HAL_Driver/Src/stm32f4xx_hal_rcc.c.obj
LOAD CMakeFiles/nucleo-f413zh.out.dir/Drivers/STM32F4xx_HAL_Driver/Src/stm32f4xx_hal_rcc_ex.c.obj
LOAD CMakeFiles/nucleo-f413zh.out.dir/Drivers/STM32F4xx_HAL_Driver/Src/stm32f4xx_hal_flash.c.obj
LOAD CMakeFiles/nucleo-f413zh.out.dir/Drivers/STM32F4xx_HAL_Driver/Src/stm32f4xx_hal_flash_ex.c.obj
LOAD CMakeFiles/nucleo-f413zh.out.dir/Drivers/STM32F4xx_HAL_Driver/Src/stm32f4xx_hal_flash_ramfunc.c.obj
LOAD CMakeFiles/nucleo-f413zh.out.dir/Drivers/STM32F4xx_HAL_Driver/Src/stm32f4xx_hal_gpio.c.obj
LOAD CMakeFiles/nucleo-f413zh.out.dir/Drivers/STM32F4xx_HAL_Driver/Src/stm32f4xx_hal_dma_ex.c.obj
LOAD CMakeFiles/nucleo-f413zh.out.dir/Drivers/STM32F4xx_HAL_Driver/Src/stm32f4xx_hal_dma.c.obj
LOAD CMakeFiles/nucleo-f413zh.out.dir/Drivers/STM32F4xx_HAL_Driver/Src/stm32f4xx_hal_pwr.c.obj
LOAD CMakeFiles/nucleo-f413zh.out.dir/Drivers/STM32F4xx_HAL_Driver/Src/stm32f4xx_hal_pwr_ex.c.obj
LOAD CMakeFiles/nucleo-f413zh.out.dir/Drivers/STM32F4xx_HAL_Driver/Src/stm32f4xx_hal_cortex.c.obj
LOAD CMakeFiles/nucleo-f413zh.out.dir/Drivers/STM32F4xx_HAL_Driver/Src/stm32f4xx_hal.c.obj
LOAD CMakeFiles/nucleo-f413zh.out.dir/Drivers/STM32F4xx_HAL_Driver/Src/stm32f4xx_hal_exti.c.obj
LOAD CMakeFiles/nucleo-f413zh.out.dir/Drivers/STM32F4xx_HAL_Driver/Src/stm32f4xx_hal_pcd.c.obj
LOAD CMakeFiles/nucleo-f413zh.out.dir/Drivers/STM32F4xx_HAL_Driver/Src/stm32f4xx_hal_pcd_ex.c.obj
LOAD CMakeFiles/nucleo-f413zh.out.dir/Drivers/STM32F4xx_HAL_Driver/Src/stm32f4xx_ll_usb.c.obj
LOAD CMakeFiles/nucleo-f413zh.out.dir/Core/Src/main.c.obj
LOAD CMakeFiles/nucleo-f413zh.out.dir/Core/Src/stm32f4xx_hal_msp.c.obj
LOAD CMakeFiles/nucleo-f413zh.out.dir/Core/Src/stm32f4xx_it.c.obj
LOAD CMakeFiles/nucleo-f413zh.out.dir/Core/Src/system_stm32f4xx.c.obj
LOAD CMakeFiles/nucleo-f413zh.out.dir/startup_stm32f413xx.s.obj
START GROUP
LOAD d:/progra~1/gnuarm~1/102021~1.10/bin/../lib/gcc/arm-none-eabi/10.3.1/thumb/v7e-m+fp/hard\libgcc.a
LOAD d:/progra~1/gnuarm~1/102021~1.10/bin/../lib/gcc/arm-none-eabi/10.3.1/../../../../arm-none-eabi/lib/thumb/v7e-m+fp/hard\libg_nano.a
LOAD d:/progra~1/gnuarm~1/102021~1.10/bin/../lib/gcc/arm-none-eabi/10.3.1/../../../../arm-none-eabi/lib/thumb/v7e-m+fp/hard\libc_nano.a
END GROUP
START GROUP
LOAD d:/progra~1/gnuarm~1/102021~1.10/bin/../lib/gcc/arm-none-eabi/10.3.1/thumb/v7e-m+fp/hard\libgcc.a
LOAD d:/progra~1/gnuarm~1/102021~1.10/bin/../lib/gcc/arm-none-eabi/10.3.1/../../../../arm-none-eabi/lib/thumb/v7e-m+fp/hard\libc_nano.a
END GROUP
LOAD d:/progra~1/gnuarm~1/102021~1.10/bin/../lib/gcc/arm-none-eabi/10.3.1/thumb/v7e-m+fp/hard/crtend.o
LOAD d:/progra~1/gnuarm~1/102021~1.10/bin/../lib/gcc/arm-none-eabi/10.3.1/thumb/v7e-m+fp/hard/crtn.o
                0x20050000                _estack = 0x20050000
                0x00000200                _Min_Heap_Size = 0x200
                0x00000400                _Min_Stack_Size = 0x400

.isr_vector     0x08000000      0x1d8
                0x08000000                . = ALIGN (0x4)
 *(.isr_vector)
 .isr_vector    0x08000000      0x1d8 CMakeFiles/nucleo-f413zh.out.dir/startup_stm32f413xx.s.obj
                0x08000000                g_pfnVectors
                0x080001d8                . = ALIGN (0x4)

.text           0x080001d8     0x1bd4
                0x080001d8                . = ALIGN (0x4)
 *(.text)
 .text          0x080001d8       0x40 d:/progra~1/gnuarm~1/102021~1.10/bin/../lib/gcc/arm-none-eabi/10.3.1/thumb/v7e-m+fp/hard/crtbegin.o
 .text          0x08000218       0x30 d:/progra~1/gnuarm~1/102021~1.10/bin/../lib/gcc/arm-none-eabi/10.3.1/thumb/v7e-m+fp/hard\libgcc.a(_aeabi_uldivmod.o)
                0x08000218                __aeabi_uldivmod
 .text          0x08000248      0x2d0 d:/progra~1/gnuarm~1/102021~1.10/bin/../lib/gcc/arm-none-eabi/10.3.1/thumb/v7e-m+fp/hard\libgcc.a(_udivmoddi4.o)
                0x08000248                __udivmoddi4
 .text          0x08000518        0x4 d:/progra~1/gnuarm~1/102021~1.10/bin/../lib/gcc/arm-none-eabi/10.3.1/thumb/v7e-m+fp/hard\libgcc.a(_dvmd_tls.o)
                0x08000518                __aeabi_idiv0
                0x08000518                __aeabi_ldiv0
 *(.text*)
 .text.__libc_init_array
                0x0800051c       0x48 d:/progra~1/gnuarm~1/102021~1.10/bin/../lib/gcc/arm-none-eabi/10.3.1/../../../../arm-none-eabi/lib/thumb/v7e-m+fp/hard\libc_nano.a(lib_a-init.o)
                0x0800051c                __libc_init_array
 .text.memset   0x08000564       0x10 d:/progra~1/gnuarm~1/102021~1.10/bin/../lib/gcc/arm-none-eabi/10.3.1/../../../../arm-none-eabi/lib/thumb/v7e-m+fp/hard\libc_nano.a(lib_a-memset.o)
                0x08000564                memset
 .text.UART_SetConfig
                0x08000574      0x120 CMakeFiles/nucleo-f413zh.out.dir/Drivers/STM32F4xx_HAL_Driver/Src/stm32f4xx_hal_uart.c.obj
 .text.HAL_UART_Init
                0x08000694       0x5e CMakeFiles/nucleo-f413zh.out.dir/Drivers/STM32F4xx_HAL_Driver/Src/stm32f4xx_hal_uart.c.obj
                0x08000694                HAL_UART_Init
 *fill*         0x080006f2        0x2 
 .text.HAL_RCC_GetSysClockFreq
                0x080006f4       0xd4 CMakeFiles/nucleo-f413zh.out.dir/Drivers/STM32F4xx_HAL_Driver/Src/stm32f4xx_hal_rcc.c.obj
                0x080006f4                HAL_RCC_GetSysClockFreq
 .text.HAL_RCC_ClockConfig
                0x080007c8      0x160 CMakeFiles/nucleo-f413zh.out.dir/Drivers/STM32F4xx_HAL_Driver/Src/stm32f4xx_hal_rcc.c.obj
                0x080007c8                HAL_RCC_ClockConfig
 .text.HAL_RCC_GetHCLKFreq
                0x08000928        0xc CMakeFiles/nucleo-f413zh.out.dir/Drivers/STM32F4xx_HAL_Driver/Src/stm32f4xx_hal_rcc.c.obj
                0x08000928                HAL_RCC_GetHCLKFreq
 .text.HAL_RCC_GetPCLK1Freq
                0x08000934       0x20 CMakeFiles/nucleo-f413zh.out.dir/Drivers/STM32F4xx_HAL_Driver/Src/stm32f4xx_hal_rcc.c.obj
                0x08000934                HAL_RCC_GetPCLK1Freq
 .text.HAL_RCC_GetPCLK2Freq
                0x08000954       0x20 CMakeFiles/nucleo-f413zh.out.dir/Drivers/STM32F4xx_HAL_Driver/Src/stm32f4xx_hal_rcc.c.obj
                0x08000954                HAL_RCC_GetPCLK2Freq
 .text.HAL_RCCEx_PeriphCLKConfig
                0x08000974      0x3dc CMakeFiles/nucleo-f413zh.out.dir/Drivers/STM32F4xx_HAL_Driver/Src/stm32f4xx_hal_rcc_ex.c.obj
                0x08000974                HAL_RCCEx_PeriphCLKConfig
 .text.HAL_RCC_OscConfig
                0x08000d50      0x410 CMakeFiles/nucleo-f413zh.out.dir/Drivers/STM32F4xx_HAL_Driver/Src/stm32f4xx_hal_rcc_ex.c.obj
                0x08000d50                HAL_RCC_OscConfig
 .text.HAL_GPIO_Init
                0x08001160      0x1d8 CMakeFiles/nucleo-f413zh.out.dir/Drivers/STM32F4xx_HAL_Driver/Src/stm32f4xx_hal_gpio.c.obj
                0x08001160                HAL_GPIO_Init
 .text.HAL_GPIO_WritePin
                0x08001338        0xc CMakeFiles/nucleo-f413zh.out.dir/Drivers/STM32F4xx_HAL_Driver/Src/stm32f4xx_hal_gpio.c.obj
                0x08001338                HAL_GPIO_WritePin
 .text.HAL_NVIC_SetPriorityGrouping
                0x08001344       0x24 CMakeFiles/nucleo-f413zh.out.dir/Drivers/STM32F4xx_HAL_Driver/Src/stm32f4xx_hal_cortex.c.obj
                0x08001344                HAL_NVIC_SetPriorityGrouping
 .text.HAL_NVIC_SetPriority
                0x08001368       0x70 CMakeFiles/nucleo-f413zh.out.dir/Drivers/STM32F4xx_HAL_Driver/Src/stm32f4xx_hal_cortex.c.obj
                0x08001368                HAL_NVIC_SetPriority
 .text.HAL_SYSTICK_Config
                0x080013d8       0x28 CMakeFiles/nucleo-f413zh.out.dir/Drivers/STM32F4xx_HAL_Driver/Src/stm32f4xx_hal_cortex.c.obj
                0x080013d8                HAL_SYSTICK_Config
 .text.HAL_InitTick
                0x08001400       0x4c CMakeFiles/nucleo-f413zh.out.dir/Drivers/STM32F4xx_HAL_Driver/Src/stm32f4xx_hal.c.obj
                0x08001400                HAL_InitTick
 .text.HAL_Init
                0x0800144c       0x34 CMakeFiles/nucleo-f413zh.out.dir/Drivers/STM32F4xx_HAL_Driver/Src/stm32f4xx_hal.c.obj
                0x0800144c                HAL_Init
 .text.HAL_IncTick
                0x08001480       0x18 CMakeFiles/nucleo-f413zh.out.dir/Drivers/STM32F4xx_HAL_Driver/Src/stm32f4xx_hal.c.obj
                0x08001480                HAL_IncTick
 .text.HAL_GetTick
                0x08001498        0xc CMakeFiles/nucleo-f413zh.out.dir/Drivers/STM32F4xx_HAL_Driver/Src/stm32f4xx_hal.c.obj
                0x08001498                HAL_GetTick
 .text.HAL_Delay
                0x080014a4       0x28 CMakeFiles/nucleo-f413zh.out.dir/Drivers/STM32F4xx_HAL_Driver/Src/stm32f4xx_hal.c.obj
                0x080014a4                HAL_Delay
 .text.HAL_PCD_Init
                0x080014cc      0x13c CMakeFiles/nucleo-f413zh.out.dir/Drivers/STM32F4xx_HAL_Driver/Src/stm32f4xx_hal_pcd.c.obj
                0x080014cc                HAL_PCD_Init
 .text.HAL_PCDEx_ActivateLPM
                0x08001608       0x26 CMakeFiles/nucleo-f413zh.out.dir/Drivers/STM32F4xx_HAL_Driver/Src/stm32f4xx_hal_pcd_ex.c.obj
                0x08001608                HAL_PCDEx_ActivateLPM
 *fill*         0x0800162e        0x2 
 .text.USB_CoreReset
                0x08001630       0x4c CMakeFiles/nucleo-f413zh.out.dir/Drivers/STM32F4xx_HAL_Driver/Src/stm32f4xx_ll_usb.c.obj
 .text.USB_CoreInit
                0x0800167c       0x8a CMakeFiles/nucleo-f413zh.out.dir/Drivers/STM32F4xx_HAL_Driver/Src/stm32f4xx_ll_usb.c.obj
                0x0800167c                USB_CoreInit
 .text.USB_DisableGlobalInt
                0x08001706        0xc CMakeFiles/nucleo-f413zh.out.dir/Drivers/STM32F4xx_HAL_Driver/Src/stm32f4xx_ll_usb.c.obj
                0x08001706                USB_DisableGlobalInt
 *fill*         0x08001712        0x2 
 .text.USB_FlushTxFifo
                0x08001714       0x30 CMakeFiles/nucleo-f413zh.out.dir/Drivers/STM32F4xx_HAL_Driver/Src/stm32f4xx_ll_usb.c.obj
                0x08001714                USB_FlushTxFifo
 .text.USB_FlushRxFifo
                0x08001744       0x2c CMakeFiles/nucleo-f413zh.out.dir/Drivers/STM32F4xx_HAL_Driver/Src/stm32f4xx_ll_usb.c.obj
                0x08001744                USB_FlushRxFifo
 .text.USB_SetDevSpeed
                0x08001770        0xe CMakeFiles/nucleo-f413zh.out.dir/Drivers/STM32F4xx_HAL_Driver/Src/stm32f4xx_ll_usb.c.obj
                0x08001770                USB_SetDevSpeed
 *fill*         0x0800177e        0x2 
 .text.USB_DevInit
                0x08001780      0x188 CMakeFiles/nucleo-f413zh.out.dir/Drivers/STM32F4xx_HAL_Driver/Src/stm32f4xx_ll_usb.c.obj
                0x08001780                USB_DevInit
 .text.USB_DevDisconnect
                0x08001908       0x1c CMakeFiles/nucleo-f413zh.out.dir/Drivers/STM32F4xx_HAL_Driver/Src/stm32f4xx_ll_usb.c.obj
                0x08001908                USB_DevDisconnect
 .text.USB_GetMode
                0x08001924        0x8 CMakeFiles/nucleo-f413zh.out.dir/Drivers/STM32F4xx_HAL_Driver/Src/stm32f4xx_ll_usb.c.obj
                0x08001924                USB_GetMode
 .text.USB_SetCurrentMode
                0x0800192c       0x62 CMakeFiles/nucleo-f413zh.out.dir/Drivers/STM32F4xx_HAL_Driver/Src/stm32f4xx_ll_usb.c.obj
                0x0800192c                USB_SetCurrentMode
 *fill*         0x0800198e        0x2 
 .text.MX_GPIO_Init
                0x08001990      0x108 CMakeFiles/nucleo-f413zh.out.dir/Core/Src/main.c.obj
 .text.Error_Handler
                0x08001a98        0x4 CMakeFiles/nucleo-f413zh.out.dir/Core/Src/main.c.obj
                0x08001a98                Error_Handler
 .text.MX_USART3_UART_Init
                0x08001a9c       0x34 CMakeFiles/nucleo-f413zh.out.dir/Core/Src/main.c.obj
 .text.MX_USB_OTG_FS_PCD_Init
                0x08001ad0       0x38 CMakeFiles/nucleo-f413zh.out.dir/Core/Src/main.c.obj
 .text.SystemClock_Config
                0x08001b08       0xc4 CMakeFiles/nucleo-f413zh.out.dir/Core/Src/main.c.obj
                0x08001b08                SystemClock_Config
 .text.main     0x08001bcc       0x18 CMakeFiles/nucleo-f413zh.out.dir/Core/Src/main.c.obj
                0x08001bcc                main
 .text.HAL_MspInit
                0x08001be4       0x38 CMakeFiles/nucleo-f413zh.out.dir/Core/Src/stm32f4xx_hal_msp.c.obj
                0x08001be4                HAL_MspInit
 .text.HAL_UART_MspInit
                0x08001c1c       0x70 CMakeFiles/nucleo-f413zh.out.dir/Core/Src/stm32f4xx_hal_msp.c.obj
                0x08001c1c                HAL_UART_MspInit
 .text.HAL_PCD_MspInit
                0x08001c8c       0x88 CMakeFiles/nucleo-f413zh.out.dir/Core/Src/stm32f4xx_hal_msp.c.obj
                0x08001c8c                HAL_PCD_MspInit
 .text.NMI_Handler
                0x08001d14        0x2 CMakeFiles/nucleo-f413zh.out.dir/Core/Src/stm32f4xx_it.c.obj
                0x08001d14                NMI_Handler
 .text.HardFault_Handler
                0x08001d16        0x2 CMakeFiles/nucleo-f413zh.out.dir/Core/Src/stm32f4xx_it.c.obj
                0x08001d16                HardFault_Handler
 .text.MemManage_Handler
                0x08001d18        0x2 CMakeFiles/nucleo-f413zh.out.dir/Core/Src/stm32f4xx_it.c.obj
                0x08001d18                MemManage_Handler
 .text.BusFault_Handler
                0x08001d1a        0x2 CMakeFiles/nucleo-f413zh.out.dir/Core/Src/stm32f4xx_it.c.obj
                0x08001d1a                BusFault_Handler
 .text.UsageFault_Handler
                0x08001d1c        0x2 CMakeFiles/nucleo-f413zh.out.dir/Core/Src/stm32f4xx_it.c.obj
                0x08001d1c                UsageFault_Handler
 .text.SVC_Handler
                0x08001d1e        0x2 CMakeFiles/nucleo-f413zh.out.dir/Core/Src/stm32f4xx_it.c.obj
                0x08001d1e                SVC_Handler
 .text.DebugMon_Handler
                0x08001d20        0x2 CMakeFiles/nucleo-f413zh.out.dir/Core/Src/stm32f4xx_it.c.obj
                0x08001d20                DebugMon_Handler
 .text.PendSV_Handler
                0x08001d22        0x2 CMakeFiles/nucleo-f413zh.out.dir/Core/Src/stm32f4xx_it.c.obj
                0x08001d22                PendSV_Handler
 .text.SysTick_Handler
                0x08001d24        0x8 CMakeFiles/nucleo-f413zh.out.dir/Core/Src/stm32f4xx_it.c.obj
                0x08001d24                SysTick_Handler
 .text.SystemInit
                0x08001d2c       0x14 CMakeFiles/nucleo-f413zh.out.dir/Core/Src/system_stm32f4xx.c.obj
                0x08001d2c                SystemInit
 .text.Reset_Handler
                0x08001d40       0x50 CMakeFiles/nucleo-f413zh.out.dir/startup_stm32f413xx.s.obj
                0x08001d40                Reset_Handler
 .text.Default_Handler
                0x08001d90        0x2 CMakeFiles/nucleo-f413zh.out.dir/startup_stm32f413xx.s.obj
                0x08001d90                RTC_Alarm_IRQHandler
                0x08001d90                EXTI2_IRQHandler
                0x08001d90                TIM8_CC_IRQHandler
                0x08001d90                UART8_IRQHandler
                0x08001d90                FMPI2C1_EV_IRQHandler
                0x08001d90                SPI4_IRQHandler
                0x08001d90                TIM1_CC_IRQHandler
                0x08001d90                DMA2_Stream5_IRQHandler
                0x08001d90                DMA1_Stream5_IRQHandler
                0x08001d90                CAN3_RX1_IRQHandler
                0x08001d90                PVD_IRQHandler
                0x08001d90                SDIO_IRQHandler
                0x08001d90                TAMP_STAMP_IRQHandler
                0x08001d90                CAN2_RX1_IRQHandler
                0x08001d90                EXTI3_IRQHandler
                0x08001d90                TIM8_TRG_COM_TIM14_IRQHandler
                0x08001d90                DFSDM1_FLT1_IRQHandler
                0x08001d90                TIM1_UP_TIM10_IRQHandler
                0x08001d90                TIM8_UP_TIM13_IRQHandler
                0x08001d90                I2C3_ER_IRQHandler
                0x08001d90                EXTI0_IRQHandler
                0x08001d90                I2C2_EV_IRQHandler
                0x08001d90                DMA1_Stream2_IRQHandler
                0x08001d90                CAN1_RX0_IRQHandler
                0x08001d90                FPU_IRQHandler
                0x08001d90                CAN3_SCE_IRQHandler
                0x08001d90                CAN2_SCE_IRQHandler
                0x08001d90                DMA2_Stream2_IRQHandler
                0x08001d90                SPI1_IRQHandler
                0x08001d90                TIM6_DAC_IRQHandler
                0x08001d90                TIM1_BRK_TIM9_IRQHandler
                0x08001d90                CAN2_RX0_IRQHandler
                0x08001d90                DMA2_Stream3_IRQHandler
                0x08001d90                USART6_IRQHandler
                0x08001d90                CAN3_RX0_IRQHandler
                0x08001d90                USART3_IRQHandler
                0x08001d90                DFSDM2_FLT3_IRQHandler
                0x08001d90                CAN1_RX1_IRQHandler
                0x08001d90                UART5_IRQHandler
                0x08001d90                DMA2_Stream0_IRQHandler
                0x08001d90                TIM4_IRQHandler
                0x08001d90                QUADSPI_IRQHandler
                0x08001d90                I2C1_EV_IRQHandler
                0x08001d90                DMA1_Stream6_IRQHandler
                0x08001d90                DMA1_Stream1_IRQHandler
                0x08001d90                UART4_IRQHandler
                0x08001d90                TIM3_IRQHandler
                0x08001d90                RCC_IRQHandler
                0x08001d90                UART9_IRQHandler
                0x08001d90                TIM8_BRK_TIM12_IRQHandler
                0x08001d90                Default_Handler
                0x08001d90                EXTI15_10_IRQHandler
                0x08001d90                ADC_IRQHandler
                0x08001d90                DMA1_Stream7_IRQHandler
                0x08001d90                DFSDM2_FLT0_IRQHandler
                0x08001d90                SPI5_IRQHandler
                0x08001d90                TIM7_IRQHandler
                0x08001d90                CAN2_TX_IRQHandler
                0x08001d90                TIM5_IRQHandler
                0x08001d90                DMA2_Stream7_IRQHandler
                0x08001d90                I2C3_EV_IRQHandler
                0x08001d90                DFSDM2_FLT2_IRQHandler
                0x08001d90                EXTI9_5_IRQHandler
                0x08001d90                RTC_WKUP_IRQHandler
                0x08001d90                SPI2_IRQHandler
                0x08001d90                DMA1_Stream0_IRQHandler
                0x08001d90                CAN1_TX_IRQHandler
                0x08001d90                FMPI2C1_ER_IRQHandler
                0x08001d90                EXTI4_IRQHandler
                0x08001d90                DFSDM2_FLT1_IRQHandler
                0x08001d90                RNG_IRQHandler
                0x08001d90                FSMC_IRQHandler
                0x08001d90                WWDG_IRQHandler
                0x08001d90                CAN3_TX_IRQHandler
                0x08001d90                TIM2_IRQHandler
                0x08001d90                OTG_FS_WKUP_IRQHandler
                0x08001d90                TIM1_TRG_COM_TIM11_IRQHandler
                0x08001d90                EXTI1_IRQHandler
                0x08001d90                UART7_IRQHandler
                0x08001d90                USART2_IRQHandler
                0x08001d90                DFSDM1_FLT0_IRQHandler
                0x08001d90                I2C2_ER_IRQHandler
                0x08001d90                DMA2_Stream1_IRQHandler
                0x08001d90                CAN1_SCE_IRQHandler
                0x08001d90                FLASH_IRQHandler
                0x08001d90                DMA2_Stream4_IRQHandler
                0x08001d90                USART1_IRQHandler
                0x08001d90                OTG_FS_IRQHandler
                0x08001d90                SPI3_IRQHandler
                0x08001d90                DMA1_Stream4_IRQHandler
                0x08001d90                I2C1_ER_IRQHandler
                0x08001d90                LPTIM1_IRQHandler
                0x08001d90                DMA2_Stream6_IRQHandler
                0x08001d90                UART10_IRQHandler
                0x08001d90                SAI1_IRQHandler
                0x08001d90                DMA1_Stream3_IRQHandler
 *(.glue_7)
 .glue_7        0x08001d92        0x0 linker stubs
 *(.glue_7t)
 .glue_7t       0x08001d92        0x0 linker stubs
 *(.eh_frame)
 *fill*         0x08001d92        0x2 
 .eh_frame      0x08001d94        0x0 d:/progra~1/gnuarm~1/102021~1.10/bin/../lib/gcc/arm-none-eabi/10.3.1/thumb/v7e-m+fp/hard/crtbegin.o
 *(.init)
 .init          0x08001d94        0x4 d:/progra~1/gnuarm~1/102021~1.10/bin/../lib/gcc/arm-none-eabi/10.3.1/thumb/v7e-m+fp/hard/crti.o
                0x08001d94                _init
 .init          0x08001d98        0x8 d:/progra~1/gnuarm~1/102021~1.10/bin/../lib/gcc/arm-none-eabi/10.3.1/thumb/v7e-m+fp/hard/crtn.o
 *(.fini)
 .fini          0x08001da0        0x4 d:/progra~1/gnuarm~1/102021~1.10/bin/../lib/gcc/arm-none-eabi/10.3.1/thumb/v7e-m+fp/hard/crti.o
                0x08001da0                _fini
 .fini          0x08001da4        0x8 d:/progra~1/gnuarm~1/102021~1.10/bin/../lib/gcc/arm-none-eabi/10.3.1/thumb/v7e-m+fp/hard/crtn.o
                0x08001dac                . = ALIGN (0x4)
                0x08001dac                _etext = .

.vfp11_veneer   0x08001dac        0x0
 .vfp11_veneer  0x08001dac        0x0 linker stubs

.v4_bx          0x08001dac        0x0
 .v4_bx         0x08001dac        0x0 linker stubs

.iplt           0x08001dac        0x0
 .iplt          0x08001dac        0x0 d:/progra~1/gnuarm~1/102021~1.10/bin/../lib/gcc/arm-none-eabi/10.3.1/thumb/v7e-m+fp/hard/crtbegin.o

.rodata         0x08001dac       0x18
                0x08001dac                . = ALIGN (0x4)
 *(.rodata)
 *(.rodata*)
 .rodata.AHBPrescTable
                0x08001dac       0x10 CMakeFiles/nucleo-f413zh.out.dir/Core/Src/system_stm32f4xx.c.obj
                0x08001dac                AHBPrescTable
 .rodata.APBPrescTable
                0x08001dbc        0x8 CMakeFiles/nucleo-f413zh.out.dir/Core/Src/system_stm32f4xx.c.obj
                0x08001dbc                APBPrescTable
                0x08001dc4                . = ALIGN (0x4)

.ARM.extab
 *(.ARM.extab* .gnu.linkonce.armextab.*)

.ARM            0x08001dc4        0x8
                0x08001dc4                __exidx_start = .
 *(.ARM.exidx*)
 .ARM.exidx     0x08001dc4        0x8 d:/progra~1/gnuarm~1/102021~1.10/bin/../lib/gcc/arm-none-eabi/10.3.1/thumb/v7e-m+fp/hard\libgcc.a(_udivmoddi4.o)
                0x08001dcc                __exidx_end = .

.rel.dyn        0x08001dcc        0x0
 .rel.iplt      0x08001dcc        0x0 d:/progra~1/gnuarm~1/102021~1.10/bin/../lib/gcc/arm-none-eabi/10.3.1/thumb/v7e-m+fp/hard/crtbegin.o

.preinit_array  0x08001dcc        0x0
                0x08001dcc                PROVIDE (__preinit_array_start = .)
 *(.preinit_array*)
                0x08001dcc                PROVIDE (__preinit_array_end = .)

.init_array     0x08001dcc        0x4
                0x08001dcc                PROVIDE (__init_array_start = .)
 *(SORT_BY_NAME(.init_array.*))
 *(.init_array*)
 .init_array    0x08001dcc        0x4 d:/progra~1/gnuarm~1/102021~1.10/bin/../lib/gcc/arm-none-eabi/10.3.1/thumb/v7e-m+fp/hard/crtbegin.o
                0x08001dd0                PROVIDE (__init_array_end = .)

.fini_array     0x08001dd0        0x4
                [!provide]                PROVIDE (__fini_array_start = .)
 *(SORT_BY_NAME(.fini_array.*))
 *(.fini_array*)
 .fini_array    0x08001dd0        0x4 d:/progra~1/gnuarm~1/102021~1.10/bin/../lib/gcc/arm-none-eabi/10.3.1/thumb/v7e-m+fp/hard/crtbegin.o
                [!provide]                PROVIDE (__fini_array_end = .)
                0x08001dd4                _sidata = LOADADDR (.data)

.data           0x20000000        0xc load address 0x08001dd4
                0x20000000                . = ALIGN (0x4)
                0x20000000                _sdata = .
 *(.data)
 *(.data*)
 .data.uwTickFreq
                0x20000000        0x1 CMakeFiles/nucleo-f413zh.out.dir/Drivers/STM32F4xx_HAL_Driver/Src/stm32f4xx_hal.c.obj
                0x20000000                uwTickFreq
 *fill*         0x20000001        0x3 
 .data.uwTickPrio
                0x20000004        0x4 CMakeFiles/nucleo-f413zh.out.dir/Drivers/STM32F4xx_HAL_Driver/Src/stm32f4xx_hal.c.obj
                0x20000004                uwTickPrio
 .data.SystemCoreClock
                0x20000008        0x4 CMakeFiles/nucleo-f413zh.out.dir/Core/Src/system_stm32f4xx.c.obj
                0x20000008                SystemCoreClock
                0x2000000c                . = ALIGN (0x4)
                0x2000000c                _edata = .

.igot.plt       0x2000000c        0x0 load address 0x08001de0
 .igot.plt      0x2000000c        0x0 d:/progra~1/gnuarm~1/102021~1.10/bin/../lib/gcc/arm-none-eabi/10.3.1/thumb/v7e-m+fp/hard/crtbegin.o
                0x2000000c                . = ALIGN (0x4)

.bss            0x2000000c      0x46c load address 0x08001de0
                0x2000000c                _sbss = .
                0x2000000c                __bss_start__ = _sbss
 *(.bss)
 .bss           0x2000000c       0x1c d:/progra~1/gnuarm~1/102021~1.10/bin/../lib/gcc/arm-none-eabi/10.3.1/thumb/v7e-m+fp/hard/crtbegin.o
 *(.bss*)
 .bss.uwTick    0x20000028        0x4 CMakeFiles/nucleo-f413zh.out.dir/Drivers/STM32F4xx_HAL_Driver/Src/stm32f4xx_hal.c.obj
                0x20000028                uwTick
 .bss.hpcd_USB_OTG_FS
                0x2000002c      0x408 CMakeFiles/nucleo-f413zh.out.dir/Core/Src/main.c.obj
                0x2000002c                hpcd_USB_OTG_FS
 .bss.huart3    0x20000434       0x44 CMakeFiles/nucleo-f413zh.out.dir/Core/Src/main.c.obj
                0x20000434                huart3
 *(COMMON)
                0x20000478                . = ALIGN (0x4)
                0x20000478                _ebss = .
                0x20000478                __bss_end__ = _ebss

._user_heap_stack
                0x20000478      0x600 load address 0x08001de0
                0x20000478                . = ALIGN (0x8)
                [!provide]                PROVIDE (end = .)
                [!provide]                PROVIDE (_end = .)
                0x20000678                . = (. + _Min_Heap_Size)
 *fill*         0x20000478      0x200 
                0x20000a78                . = (. + _Min_Stack_Size)
 *fill*         0x20000678      0x400 
                0x20000a78                . = ALIGN (0x8)

/DISCARD/
 libc.a(*)
 libm.a(*)
 libgcc.a(*)

.ARM.attributes
                0x00000000       0x30
 *(.ARM.attributes)
 .ARM.attributes
                0x00000000       0x1e d:/progra~1/gnuarm~1/102021~1.10/bin/../lib/gcc/arm-none-eabi/10.3.1/thumb/v7e-m+fp/hard/crti.o
 .ARM.attributes
                0x0000001e       0x34 d:/progra~1/gnuarm~1/102021~1.10/bin/../lib/gcc/arm-none-eabi/10.3.1/thumb/v7e-m+fp/hard/crtbegin.o
 .ARM.attributes
                0x00000052       0x34 d:/progra~1/gnuarm~1/102021~1.10/bin/../lib/gcc/arm-none-eabi/10.3.1/../../../../arm-none-eabi/lib/thumb/v7e-m+fp/hard\libc_nano.a(lib_a-init.o)
 .ARM.attributes
                0x00000086       0x34 d:/progra~1/gnuarm~1/102021~1.10/bin/../lib/gcc/arm-none-eabi/10.3.1/../../../../arm-none-eabi/lib/thumb/v7e-m+fp/hard\libc_nano.a(lib_a-memset.o)
 .ARM.attributes
                0x000000ba       0x34 CMakeFiles/nucleo-f413zh.out.dir/Drivers/STM32F4xx_HAL_Driver/Src/stm32f4xx_hal_uart.c.obj
 .ARM.attributes
                0x000000ee       0x34 CMakeFiles/nucleo-f413zh.out.dir/Drivers/STM32F4xx_HAL_Driver/Src/stm32f4xx_hal_rcc.c.obj
 .ARM.attributes
                0x00000122       0x34 CMakeFiles/nucleo-f413zh.out.dir/Drivers/STM32F4xx_HAL_Driver/Src/stm32f4xx_hal_rcc_ex.c.obj
 .ARM.attributes
                0x00000156       0x34 CMakeFiles/nucleo-f413zh.out.dir/Drivers/STM32F4xx_HAL_Driver/Src/stm32f4xx_hal_gpio.c.obj
 .ARM.attributes
                0x0000018a       0x34 CMakeFiles/nucleo-f413zh.out.dir/Drivers/STM32F4xx_HAL_Driver/Src/stm32f4xx_hal_cortex.c.obj
 .ARM.attributes
                0x000001be       0x34 CMakeFiles/nucleo-f413zh.out.dir/Drivers/STM32F4xx_HAL_Driver/Src/stm32f4xx_hal.c.obj
 .ARM.attributes
                0x000001f2       0x34 CMakeFiles/nucleo-f413zh.out.dir/Drivers/STM32F4xx_HAL_Driver/Src/stm32f4xx_hal_pcd.c.obj
 .ARM.attributes
                0x00000226       0x34 CMakeFiles/nucleo-f413zh.out.dir/Drivers/STM32F4xx_HAL_Driver/Src/stm32f4xx_hal_pcd_ex.c.obj
 .ARM.attributes
                0x0000025a       0x34 CMakeFiles/nucleo-f413zh.out.dir/Drivers/STM32F4xx_HAL_Driver/Src/stm32f4xx_ll_usb.c.obj
 .ARM.attributes
                0x0000028e       0x34 CMakeFiles/nucleo-f413zh.out.dir/Core/Src/main.c.obj
 .ARM.attributes
                0x000002c2       0x34 CMakeFiles/nucleo-f413zh.out.dir/Core/Src/stm32f4xx_hal_msp.c.obj
 .ARM.attributes
                0x000002f6       0x34 CMakeFiles/nucleo-f413zh.out.dir/Core/Src/stm32f4xx_it.c.obj
 .ARM.attributes
                0x0000032a       0x34 CMakeFiles/nucleo-f413zh.out.dir/Core/Src/system_stm32f4xx.c.obj
 .ARM.attributes
                0x0000035e       0x21 CMakeFiles/nucleo-f413zh.out.dir/startup_stm32f413xx.s.obj
 .ARM.attributes
                0x0000037f       0x1e d:/progra~1/gnuarm~1/102021~1.10/bin/../lib/gcc/arm-none-eabi/10.3.1/thumb/v7e-m+fp/hard\libgcc.a(_aeabi_uldivmod.o)
 .ARM.attributes
                0x0000039d       0x34 d:/progra~1/gnuarm~1/102021~1.10/bin/../lib/gcc/arm-none-eabi/10.3.1/thumb/v7e-m+fp/hard\libgcc.a(_udivmoddi4.o)
 .ARM.attributes
                0x000003d1       0x1e d:/progra~1/gnuarm~1/102021~1.10/bin/../lib/gcc/arm-none-eabi/10.3.1/thumb/v7e-m+fp/hard\libgcc.a(_dvmd_tls.o)
 .ARM.attributes
                0x000003ef       0x1e d:/progra~1/gnuarm~1/102021~1.10/bin/../lib/gcc/arm-none-eabi/10.3.1/thumb/v7e-m+fp/hard/crtn.o
OUTPUT(nucleo-f413zh.out elf32-littlearm)
LOAD linker stubs
LOAD d:/progra~1/gnuarm~1/102021~1.10/bin/../lib/gcc/arm-none-eabi/10.3.1/../../../../arm-none-eabi/lib/thumb/v7e-m+fp/hard\libc.a
LOAD d:/progra~1/gnuarm~1/102021~1.10/bin/../lib/gcc/arm-none-eabi/10.3.1/../../../../arm-none-eabi/lib/thumb/v7e-m+fp/hard\libm.a
LOAD d:/progra~1/gnuarm~1/102021~1.10/bin/../lib/gcc/arm-none-eabi/10.3.1/thumb/v7e-m+fp/hard\libgcc.a

.debug_frame    0x00000000     0x1794
 .debug_frame   0x00000000       0x2c d:/progra~1/gnuarm~1/102021~1.10/bin/../lib/gcc/arm-none-eabi/10.3.1/../../../../arm-none-eabi/lib/thumb/v7e-m+fp/hard\libc_nano.a(lib_a-init.o)
 .debug_frame   0x0000002c       0x20 d:/progra~1/gnuarm~1/102021~1.10/bin/../lib/gcc/arm-none-eabi/10.3.1/../../../../arm-none-eabi/lib/thumb/v7e-m+fp/hard\libc_nano.a(lib_a-memset.o)
 .debug_frame   0x0000004c      0x5cc CMakeFiles/nucleo-f413zh.out.dir/Drivers/STM32F4xx_HAL_Driver/Src/stm32f4xx_hal_uart.c.obj
 .debug_frame   0x00000618      0x16c CMakeFiles/nucleo-f413zh.out.dir/Drivers/STM32F4xx_HAL_Driver/Src/stm32f4xx_hal_rcc.c.obj
 .debug_frame   0x00000784      0x100 CMakeFiles/nucleo-f413zh.out.dir/Drivers/STM32F4xx_HAL_Driver/Src/stm32f4xx_hal_rcc_ex.c.obj
 .debug_frame   0x00000884       0xd8 CMakeFiles/nucleo-f413zh.out.dir/Drivers/STM32F4xx_HAL_Driver/Src/stm32f4xx_hal_gpio.c.obj
 .debug_frame   0x0000095c      0x148 CMakeFiles/nucleo-f413zh.out.dir/Drivers/STM32F4xx_HAL_Driver/Src/stm32f4xx_hal_cortex.c.obj
 .debug_frame   0x00000aa4      0x1ec CMakeFiles/nucleo-f413zh.out.dir/Drivers/STM32F4xx_HAL_Driver/Src/stm32f4xx_hal.c.obj
 .debug_frame   0x00000c90      0x358 CMakeFiles/nucleo-f413zh.out.dir/Drivers/STM32F4xx_HAL_Driver/Src/stm32f4xx_hal_pcd.c.obj
 .debug_frame   0x00000fe8       0xb8 CMakeFiles/nucleo-f413zh.out.dir/Drivers/STM32F4xx_HAL_Driver/Src/stm32f4xx_hal_pcd_ex.c.obj
 .debug_frame   0x000010a0      0x470 CMakeFiles/nucleo-f413zh.out.dir/Drivers/STM32F4xx_HAL_Driver/Src/stm32f4xx_ll_usb.c.obj
 .debug_frame   0x00001510       0xb0 CMakeFiles/nucleo-f413zh.out.dir/Core/Src/main.c.obj
 .debug_frame   0x000015c0       0x9c CMakeFiles/nucleo-f413zh.out.dir/Core/Src/stm32f4xx_hal_msp.c.obj
 .debug_frame   0x0000165c       0xa8 CMakeFiles/nucleo-f413zh.out.dir/Core/Src/stm32f4xx_it.c.obj
 .debug_frame   0x00001704       0x30 CMakeFiles/nucleo-f413zh.out.dir/Core/Src/system_stm32f4xx.c.obj
 .debug_frame   0x00001734       0x2c d:/progra~1/gnuarm~1/102021~1.10/bin/../lib/gcc/arm-none-eabi/10.3.1/thumb/v7e-m+fp/hard\libgcc.a(_aeabi_uldivmod.o)
 .debug_frame   0x00001760       0x34 d:/progra~1/gnuarm~1/102021~1.10/bin/../lib/gcc/arm-none-eabi/10.3.1/thumb/v7e-m+fp/hard\libgcc.a(_udivmoddi4.o)

.debug_info     0x00000000     0xe981
 .debug_info    0x00000000     0x422c CMakeFiles/nucleo-f413zh.out.dir/Drivers/STM32F4xx_HAL_Driver/Src/stm32f4xx_hal_uart.c.obj
 .debug_info    0x0000422c      0xb41 CMakeFiles/nucleo-f413zh.out.dir/Drivers/STM32F4xx_HAL_Driver/Src/stm32f4xx_hal_rcc.c.obj
 .debug_info    0x00004d6d      0xa7e CMakeFiles/nucleo-f413zh.out.dir/Drivers/STM32F4xx_HAL_Driver/Src/stm32f4xx_hal_rcc_ex.c.obj
 .debug_info    0x000057eb      0x819 CMakeFiles/nucleo-f413zh.out.dir/Drivers/STM32F4xx_HAL_Driver/Src/stm32f4xx_hal_gpio.c.obj
 .debug_info    0x00006004     0x10df CMakeFiles/nucleo-f413zh.out.dir/Drivers/STM32F4xx_HAL_Driver/Src/stm32f4xx_hal_cortex.c.obj
 .debug_info    0x000070e3      0xa6f CMakeFiles/nucleo-f413zh.out.dir/Drivers/STM32F4xx_HAL_Driver/Src/stm32f4xx_hal.c.obj
 .debug_info    0x00007b52     0x1a8b CMakeFiles/nucleo-f413zh.out.dir/Drivers/STM32F4xx_HAL_Driver/Src/stm32f4xx_hal_pcd.c.obj
 .debug_info    0x000095dd      0xa03 CMakeFiles/nucleo-f413zh.out.dir/Drivers/STM32F4xx_HAL_Driver/Src/stm32f4xx_hal_pcd_ex.c.obj
 .debug_info    0x00009fe0     0x1f43 CMakeFiles/nucleo-f413zh.out.dir/Drivers/STM32F4xx_HAL_Driver/Src/stm32f4xx_ll_usb.c.obj
 .debug_info    0x0000bf23     0x1464 CMakeFiles/nucleo-f413zh.out.dir/Core/Src/main.c.obj
 .debug_info    0x0000d387      0xf47 CMakeFiles/nucleo-f413zh.out.dir/Core/Src/stm32f4xx_hal_msp.c.obj
 .debug_info    0x0000e2ce      0x128 CMakeFiles/nucleo-f413zh.out.dir/Core/Src/stm32f4xx_it.c.obj
 .debug_info    0x0000e3f6      0x569 CMakeFiles/nucleo-f413zh.out.dir/Core/Src/system_stm32f4xx.c.obj
 .debug_info    0x0000e95f       0x22 CMakeFiles/nucleo-f413zh.out.dir/startup_stm32f413xx.s.obj

.debug_abbrev   0x00000000     0x1c78
 .debug_abbrev  0x00000000      0x2f6 CMakeFiles/nucleo-f413zh.out.dir/Drivers/STM32F4xx_HAL_Driver/Src/stm32f4xx_hal_uart.c.obj
 .debug_abbrev  0x000002f6      0x28a CMakeFiles/nucleo-f413zh.out.dir/Drivers/STM32F4xx_HAL_Driver/Src/stm32f4xx_hal_rcc.c.obj
 .debug_abbrev  0x00000580      0x1ba CMakeFiles/nucleo-f413zh.out.dir/Drivers/STM32F4xx_HAL_Driver/Src/stm32f4xx_hal_rcc_ex.c.obj
 .debug_abbrev  0x0000073a      0x1ef CMakeFiles/nucleo-f413zh.out.dir/Drivers/STM32F4xx_HAL_Driver/Src/stm32f4xx_hal_gpio.c.obj
 .debug_abbrev  0x00000929      0x36a CMakeFiles/nucleo-f413zh.out.dir/Drivers/STM32F4xx_HAL_Driver/Src/stm32f4xx_hal_cortex.c.obj
 .debug_abbrev  0x00000c93      0x206 CMakeFiles/nucleo-f413zh.out.dir/Drivers/STM32F4xx_HAL_Driver/Src/stm32f4xx_hal.c.obj
 .debug_abbrev  0x00000e99      0x2a6 CMakeFiles/nucleo-f413zh.out.dir/Drivers/STM32F4xx_HAL_Driver/Src/stm32f4xx_hal_pcd.c.obj
 .debug_abbrev  0x0000113f      0x26d CMakeFiles/nucleo-f413zh.out.dir/Drivers/STM32F4xx_HAL_Driver/Src/stm32f4xx_hal_pcd_ex.c.obj
 .debug_abbrev  0x000013ac      0x2cb CMakeFiles/nucleo-f413zh.out.dir/Drivers/STM32F4xx_HAL_Driver/Src/stm32f4xx_ll_usb.c.obj
 .debug_abbrev  0x00001677      0x27c CMakeFiles/nucleo-f413zh.out.dir/Core/Src/main.c.obj
 .debug_abbrev  0x000018f3      0x1dc CMakeFiles/nucleo-f413zh.out.dir/Core/Src/stm32f4xx_hal_msp.c.obj
 .debug_abbrev  0x00001acf       0x7e CMakeFiles/nucleo-f413zh.out.dir/Core/Src/stm32f4xx_it.c.obj
 .debug_abbrev  0x00001b4d      0x119 CMakeFiles/nucleo-f413zh.out.dir/Core/Src/system_stm32f4xx.c.obj
 .debug_abbrev  0x00001c66       0x12 CMakeFiles/nucleo-f413zh.out.dir/startup_stm32f413xx.s.obj

.debug_loc      0x00000000     0xa3c3
 .debug_loc     0x00000000     0x49eb CMakeFiles/nucleo-f413zh.out.dir/Drivers/STM32F4xx_HAL_Driver/Src/stm32f4xx_hal_uart.c.obj
 .debug_loc     0x000049eb      0x58c CMakeFiles/nucleo-f413zh.out.dir/Drivers/STM32F4xx_HAL_Driver/Src/stm32f4xx_hal_rcc.c.obj
 .debug_loc     0x00004f77      0xaa2 CMakeFiles/nucleo-f413zh.out.dir/Drivers/STM32F4xx_HAL_Driver/Src/stm32f4xx_hal_rcc_ex.c.obj
 .debug_loc     0x00005a19      0x520 CMakeFiles/nucleo-f413zh.out.dir/Drivers/STM32F4xx_HAL_Driver/Src/stm32f4xx_hal_gpio.c.obj
 .debug_loc     0x00005f39      0x744 CMakeFiles/nucleo-f413zh.out.dir/Drivers/STM32F4xx_HAL_Driver/Src/stm32f4xx_hal_cortex.c.obj
 .debug_loc     0x0000667d      0x141 CMakeFiles/nucleo-f413zh.out.dir/Drivers/STM32F4xx_HAL_Driver/Src/stm32f4xx_hal.c.obj
 .debug_loc     0x000067be     0x1229 CMakeFiles/nucleo-f413zh.out.dir/Drivers/STM32F4xx_HAL_Driver/Src/stm32f4xx_hal_pcd.c.obj
 .debug_loc     0x000079e7      0x236 CMakeFiles/nucleo-f413zh.out.dir/Drivers/STM32F4xx_HAL_Driver/Src/stm32f4xx_hal_pcd_ex.c.obj
 .debug_loc     0x00007c1d     0x2546 CMakeFiles/nucleo-f413zh.out.dir/Drivers/STM32F4xx_HAL_Driver/Src/stm32f4xx_ll_usb.c.obj
 .debug_loc     0x0000a163      0x108 CMakeFiles/nucleo-f413zh.out.dir/Core/Src/stm32f4xx_hal_msp.c.obj
 .debug_loc     0x0000a26b      0x158 CMakeFiles/nucleo-f413zh.out.dir/Core/Src/system_stm32f4xx.c.obj

.debug_aranges  0x00000000      0x940
 .debug_aranges
                0x00000000      0x200 CMakeFiles/nucleo-f413zh.out.dir/Drivers/STM32F4xx_HAL_Driver/Src/stm32f4xx_hal_uart.c.obj
 .debug_aranges
                0x00000200       0x88 CMakeFiles/nucleo-f413zh.out.dir/Drivers/STM32F4xx_HAL_Driver/Src/stm32f4xx_hal_rcc.c.obj
 .debug_aranges
                0x00000288       0x60 CMakeFiles/nucleo-f413zh.out.dir/Drivers/STM32F4xx_HAL_Driver/Src/stm32f4xx_hal_rcc_ex.c.obj
 .debug_aranges
                0x000002e8       0x58 CMakeFiles/nucleo-f413zh.out.dir/Drivers/STM32F4xx_HAL_Driver/Src/stm32f4xx_hal_gpio.c.obj
 .debug_aranges
                0x00000340       0xa8 CMakeFiles/nucleo-f413zh.out.dir/Drivers/STM32F4xx_HAL_Driver/Src/stm32f4xx_hal_cortex.c.obj
 .debug_aranges
                0x000003e8       0xf0 CMakeFiles/nucleo-f413zh.out.dir/Drivers/STM32F4xx_HAL_Driver/Src/stm32f4xx_hal.c.obj
 .debug_aranges
                0x000004d8      0x138 CMakeFiles/nucleo-f413zh.out.dir/Drivers/STM32F4xx_HAL_Driver/Src/stm32f4xx_hal_pcd.c.obj
 .debug_aranges
                0x00000610       0x60 CMakeFiles/nucleo-f413zh.out.dir/Drivers/STM32F4xx_HAL_Driver/Src/stm32f4xx_hal_pcd_ex.c.obj
 .debug_aranges
                0x00000670      0x198 CMakeFiles/nucleo-f413zh.out.dir/Drivers/STM32F4xx_HAL_Driver/Src/stm32f4xx_ll_usb.c.obj
 .debug_aranges
                0x00000808       0x48 CMakeFiles/nucleo-f413zh.out.dir/Core/Src/main.c.obj
 .debug_aranges
                0x00000850       0x40 CMakeFiles/nucleo-f413zh.out.dir/Core/Src/stm32f4xx_hal_msp.c.obj
 .debug_aranges
                0x00000890       0x60 CMakeFiles/nucleo-f413zh.out.dir/Core/Src/stm32f4xx_it.c.obj
 .debug_aranges
                0x000008f0       0x28 CMakeFiles/nucleo-f413zh.out.dir/Core/Src/system_stm32f4xx.c.obj
 .debug_aranges
                0x00000918       0x28 CMakeFiles/nucleo-f413zh.out.dir/startup_stm32f413xx.s.obj

.debug_ranges   0x00000000      0x910
 .debug_ranges  0x00000000      0x208 CMakeFiles/nucleo-f413zh.out.dir/Drivers/STM32F4xx_HAL_Driver/Src/stm32f4xx_hal_uart.c.obj
 .debug_ranges  0x00000208       0x90 CMakeFiles/nucleo-f413zh.out.dir/Drivers/STM32F4xx_HAL_Driver/Src/stm32f4xx_hal_rcc.c.obj
 .debug_ranges  0x00000298       0x68 CMakeFiles/nucleo-f413zh.out.dir/Drivers/STM32F4xx_HAL_Driver/Src/stm32f4xx_hal_rcc_ex.c.obj
 .debug_ranges  0x00000300       0x48 CMakeFiles/nucleo-f413zh.out.dir/Drivers/STM32F4xx_HAL_Driver/Src/stm32f4xx_hal_gpio.c.obj
 .debug_ranges  0x00000348       0xf8 CMakeFiles/nucleo-f413zh.out.dir/Drivers/STM32F4xx_HAL_Driver/Src/stm32f4xx_hal_cortex.c.obj
 .debug_ranges  0x00000440       0xe0 CMakeFiles/nucleo-f413zh.out.dir/Drivers/STM32F4xx_HAL_Driver/Src/stm32f4xx_hal.c.obj
 .debug_ranges  0x00000520      0x128 CMakeFiles/nucleo-f413zh.out.dir/Drivers/STM32F4xx_HAL_Driver/Src/stm32f4xx_hal_pcd.c.obj
 .debug_ranges  0x00000648       0x50 CMakeFiles/nucleo-f413zh.out.dir/Drivers/STM32F4xx_HAL_Driver/Src/stm32f4xx_hal_pcd_ex.c.obj
 .debug_ranges  0x00000698      0x188 CMakeFiles/nucleo-f413zh.out.dir/Drivers/STM32F4xx_HAL_Driver/Src/stm32f4xx_ll_usb.c.obj
 .debug_ranges  0x00000820       0x38 CMakeFiles/nucleo-f413zh.out.dir/Core/Src/main.c.obj
 .debug_ranges  0x00000858       0x30 CMakeFiles/nucleo-f413zh.out.dir/Core/Src/stm32f4xx_hal_msp.c.obj
 .debug_ranges  0x00000888       0x50 CMakeFiles/nucleo-f413zh.out.dir/Core/Src/stm32f4xx_it.c.obj
 .debug_ranges  0x000008d8       0x18 CMakeFiles/nucleo-f413zh.out.dir/Core/Src/system_stm32f4xx.c.obj
 .debug_ranges  0x000008f0       0x20 CMakeFiles/nucleo-f413zh.out.dir/startup_stm32f413xx.s.obj

.debug_line     0x00000000     0xba0a
 .debug_line    0x00000000     0x464c CMakeFiles/nucleo-f413zh.out.dir/Drivers/STM32F4xx_HAL_Driver/Src/stm32f4xx_hal_uart.c.obj
 .debug_line    0x0000464c      0xb5c CMakeFiles/nucleo-f413zh.out.dir/Drivers/STM32F4xx_HAL_Driver/Src/stm32f4xx_hal_rcc.c.obj
 .debug_line    0x000051a8      0xfd5 CMakeFiles/nucleo-f413zh.out.dir/Drivers/STM32F4xx_HAL_Driver/Src/stm32f4xx_hal_rcc_ex.c.obj
 .debug_line    0x0000617d      0x71c CMakeFiles/nucleo-f413zh.out.dir/Drivers/STM32F4xx_HAL_Driver/Src/stm32f4xx_hal_gpio.c.obj
 .debug_line    0x00006899      0x7e0 CMakeFiles/nucleo-f413zh.out.dir/Drivers/STM32F4xx_HAL_Driver/Src/stm32f4xx_hal_cortex.c.obj
 .debug_line    0x00007079      0x5cd CMakeFiles/nucleo-f413zh.out.dir/Drivers/STM32F4xx_HAL_Driver/Src/stm32f4xx_hal.c.obj
 .debug_line    0x00007646     0x13e4 CMakeFiles/nucleo-f413zh.out.dir/Drivers/STM32F4xx_HAL_Driver/Src/stm32f4xx_hal_pcd.c.obj
 .debug_line    0x00008a2a      0x4d7 CMakeFiles/nucleo-f413zh.out.dir/Drivers/STM32F4xx_HAL_Driver/Src/stm32f4xx_hal_pcd_ex.c.obj
 .debug_line    0x00008f01     0x1ce3 CMakeFiles/nucleo-f413zh.out.dir/Drivers/STM32F4xx_HAL_Driver/Src/stm32f4xx_ll_usb.c.obj
 .debug_line    0x0000abe4      0x5a7 CMakeFiles/nucleo-f413zh.out.dir/Core/Src/main.c.obj
 .debug_line    0x0000b18b      0x394 CMakeFiles/nucleo-f413zh.out.dir/Core/Src/stm32f4xx_hal_msp.c.obj
 .debug_line    0x0000b51f      0x1bd CMakeFiles/nucleo-f413zh.out.dir/Core/Src/stm32f4xx_it.c.obj
 .debug_line    0x0000b6dc      0x295 CMakeFiles/nucleo-f413zh.out.dir/Core/Src/system_stm32f4xx.c.obj
 .debug_line    0x0000b971       0x99 CMakeFiles/nucleo-f413zh.out.dir/startup_stm32f413xx.s.obj

.debug_str      0x00000000     0x378a
 .debug_str     0x00000000      0xc62 CMakeFiles/nucleo-f413zh.out.dir/Drivers/STM32F4xx_HAL_Driver/Src/stm32f4xx_hal_uart.c.obj
                                0xd4c (size before relaxing)
 .debug_str     0x00000c62      0x4ca CMakeFiles/nucleo-f413zh.out.dir/Drivers/STM32F4xx_HAL_Driver/Src/stm32f4xx_hal_rcc.c.obj
                                0x722 (size before relaxing)
 .debug_str     0x0000112c      0x30a CMakeFiles/nucleo-f413zh.out.dir/Drivers/STM32F4xx_HAL_Driver/Src/stm32f4xx_hal_rcc_ex.c.obj
                                0x74a (size before relaxing)
 .debug_str     0x00001436      0x18f CMakeFiles/nucleo-f413zh.out.dir/Drivers/STM32F4xx_HAL_Driver/Src/stm32f4xx_hal_gpio.c.obj
                                0x506 (size before relaxing)
 .debug_str     0x000015c5      0xaba CMakeFiles/nucleo-f413zh.out.dir/Drivers/STM32F4xx_HAL_Driver/Src/stm32f4xx_hal_cortex.c.obj
                                0xcd1 (size before relaxing)
 .debug_str     0x0000207f      0x2e3 CMakeFiles/nucleo-f413zh.out.dir/Drivers/STM32F4xx_HAL_Driver/Src/stm32f4xx_hal.c.obj
                                0xc23 (size before relaxing)
 .debug_str     0x00002362      0xb49 CMakeFiles/nucleo-f413zh.out.dir/Drivers/STM32F4xx_HAL_Driver/Src/stm32f4xx_hal_pcd.c.obj
                                0xda6 (size before relaxing)
 .debug_str     0x00002eab      0x1d4 CMakeFiles/nucleo-f413zh.out.dir/Drivers/STM32F4xx_HAL_Driver/Src/stm32f4xx_hal_pcd_ex.c.obj
                                0x7c2 (size before relaxing)
 .debug_str     0x0000307f      0x474 CMakeFiles/nucleo-f413zh.out.dir/Drivers/STM32F4xx_HAL_Driver/Src/stm32f4xx_ll_usb.c.obj
                                0xca0 (size before relaxing)
 .debug_str     0x000034f3       0xdb CMakeFiles/nucleo-f413zh.out.dir/Core/Src/main.c.obj
                                0xf29 (size before relaxing)
 .debug_str     0x000035ce       0x40 CMakeFiles/nucleo-f413zh.out.dir/Core/Src/stm32f4xx_hal_msp.c.obj
                                0xb5b (size before relaxing)
 .debug_str     0x0000360e       0xcb CMakeFiles/nucleo-f413zh.out.dir/Core/Src/stm32f4xx_it.c.obj
                                0x222 (size before relaxing)
 .debug_str     0x000036d9       0x6a CMakeFiles/nucleo-f413zh.out.dir/Core/Src/system_stm32f4xx.c.obj
                                0x38c (size before relaxing)
 .debug_str     0x00003743       0x47 CMakeFiles/nucleo-f413zh.out.dir/startup_stm32f413xx.s.obj
                                 0x6a (size before relaxing)

.comment        0x00000000       0x49
 .comment       0x00000000       0x49 CMakeFiles/nucleo-f413zh.out.dir/Drivers/STM32F4xx_HAL_Driver/Src/stm32f4xx_hal_uart.c.obj
                                 0x4a (size before relaxing)
 .comment       0x00000049       0x4a CMakeFiles/nucleo-f413zh.out.dir/Drivers/STM32F4xx_HAL_Driver/Src/stm32f4xx_hal_rcc.c.obj
 .comment       0x00000049       0x4a CMakeFiles/nucleo-f413zh.out.dir/Drivers/STM32F4xx_HAL_Driver/Src/stm32f4xx_hal_rcc_ex.c.obj
 .comment       0x00000049       0x4a CMakeFiles/nucleo-f413zh.out.dir/Drivers/STM32F4xx_HAL_Driver/Src/stm32f4xx_hal_gpio.c.obj
 .comment       0x00000049       0x4a CMakeFiles/nucleo-f413zh.out.dir/Drivers/STM32F4xx_HAL_Driver/Src/stm32f4xx_hal_cortex.c.obj
 .comment       0x00000049       0x4a CMakeFiles/nucleo-f413zh.out.dir/Drivers/STM32F4xx_HAL_Driver/Src/stm32f4xx_hal.c.obj
 .comment       0x00000049       0x4a CMakeFiles/nucleo-f413zh.out.dir/Drivers/STM32F4xx_HAL_Driver/Src/stm32f4xx_hal_pcd.c.obj
 .comment       0x00000049       0x4a CMakeFiles/nucleo-f413zh.out.dir/Drivers/STM32F4xx_HAL_Driver/Src/stm32f4xx_hal_pcd_ex.c.obj
 .comment       0x00000049       0x4a CMakeFiles/nucleo-f413zh.out.dir/Drivers/STM32F4xx_HAL_Driver/Src/stm32f4xx_ll_usb.c.obj
 .comment       0x00000049       0x4a CMakeFiles/nucleo-f413zh.out.dir/Core/Src/main.c.obj
 .comment       0x00000049       0x4a CMakeFiles/nucleo-f413zh.out.dir/Core/Src/stm32f4xx_hal_msp.c.obj
 .comment       0x00000049       0x4a CMakeFiles/nucleo-f413zh.out.dir/Core/Src/stm32f4xx_it.c.obj
 .comment       0x00000049       0x4a CMakeFiles/nucleo-f413zh.out.dir/Core/Src/system_stm32f4xx.c.obj

Cross Reference Table

Symbol                                            File
ADC_IRQHandler                                    CMakeFiles/nucleo-f413zh.out.dir/startup_stm32f413xx.s.obj
AHBPrescTable                                     CMakeFiles/nucleo-f413zh.out.dir/Core/Src/system_stm32f4xx.c.obj
                                                  CMakeFiles/nucleo-f413zh.out.dir/Drivers/STM32F4xx_HAL_Driver/Src/stm32f4xx_hal_rcc.c.obj
APBPrescTable                                     CMakeFiles/nucleo-f413zh.out.dir/Core/Src/system_stm32f4xx.c.obj
                                                  CMakeFiles/nucleo-f413zh.out.dir/Drivers/STM32F4xx_HAL_Driver/Src/stm32f4xx_hal_rcc.c.obj
BusFault_Handler                                  CMakeFiles/nucleo-f413zh.out.dir/Core/Src/stm32f4xx_it.c.obj
CAN1_RX0_IRQHandler                               CMakeFiles/nucleo-f413zh.out.dir/startup_stm32f413xx.s.obj
CAN1_RX1_IRQHandler                               CMakeFiles/nucleo-f413zh.out.dir/startup_stm32f413xx.s.obj
CAN1_SCE_IRQHandler                               CMakeFiles/nucleo-f413zh.out.dir/startup_stm32f413xx.s.obj
CAN1_TX_IRQHandler                                CMakeFiles/nucleo-f413zh.out.dir/startup_stm32f413xx.s.obj
CAN2_RX0_IRQHandler                               CMakeFiles/nucleo-f413zh.out.dir/startup_stm32f413xx.s.obj
CAN2_RX1_IRQHandler                               CMakeFiles/nucleo-f413zh.out.dir/startup_stm32f413xx.s.obj
CAN2_SCE_IRQHandler                               CMakeFiles/nucleo-f413zh.out.dir/startup_stm32f413xx.s.obj
CAN2_TX_IRQHandler                                CMakeFiles/nucleo-f413zh.out.dir/startup_stm32f413xx.s.obj
CAN3_RX0_IRQHandler                               CMakeFiles/nucleo-f413zh.out.dir/startup_stm32f413xx.s.obj
CAN3_RX1_IRQHandler                               CMakeFiles/nucleo-f413zh.out.dir/startup_stm32f413xx.s.obj
CAN3_SCE_IRQHandler                               CMakeFiles/nucleo-f413zh.out.dir/startup_stm32f413xx.s.obj
CAN3_TX_IRQHandler                                CMakeFiles/nucleo-f413zh.out.dir/startup_stm32f413xx.s.obj
DFSDM1_FLT0_IRQHandler                            CMakeFiles/nucleo-f413zh.out.dir/startup_stm32f413xx.s.obj
DFSDM1_FLT1_IRQHandler                            CMakeFiles/nucleo-f413zh.out.dir/startup_stm32f413xx.s.obj
DFSDM2_FLT0_IRQHandler                            CMakeFiles/nucleo-f413zh.out.dir/startup_stm32f413xx.s.obj
DFSDM2_FLT1_IRQHandler                            CMakeFiles/nucleo-f413zh.out.dir/startup_stm32f413xx.s.obj
DFSDM2_FLT2_IRQHandler                            CMakeFiles/nucleo-f413zh.out.dir/startup_stm32f413xx.s.obj
DFSDM2_FLT3_IRQHandler                            CMakeFiles/nucleo-f413zh.out.dir/startup_stm32f413xx.s.obj
DMA1_Stream0_IRQHandler                           CMakeFiles/nucleo-f413zh.out.dir/startup_stm32f413xx.s.obj
DMA1_Stream1_IRQHandler                           CMakeFiles/nucleo-f413zh.out.dir/startup_stm32f413xx.s.obj
DMA1_Stream2_IRQHandler                           CMakeFiles/nucleo-f413zh.out.dir/startup_stm32f413xx.s.obj
DMA1_Stream3_IRQHandler                           CMakeFiles/nucleo-f413zh.out.dir/startup_stm32f413xx.s.obj
DMA1_Stream4_IRQHandler                           CMakeFiles/nucleo-f413zh.out.dir/startup_stm32f413xx.s.obj
DMA1_Stream5_IRQHandler                           CMakeFiles/nucleo-f413zh.out.dir/startup_stm32f413xx.s.obj
DMA1_Stream6_IRQHandler                           CMakeFiles/nucleo-f413zh.out.dir/startup_stm32f413xx.s.obj
DMA1_Stream7_IRQHandler                           CMakeFiles/nucleo-f413zh.out.dir/startup_stm32f413xx.s.obj
DMA2_Stream0_IRQHandler                           CMakeFiles/nucleo-f413zh.out.dir/startup_stm32f413xx.s.obj
DMA2_Stream1_IRQHandler                           CMakeFiles/nucleo-f413zh.out.dir/startup_stm32f413xx.s.obj
DMA2_Stream2_IRQHandler                           CMakeFiles/nucleo-f413zh.out.dir/startup_stm32f413xx.s.obj
DMA2_Stream3_IRQHandler                           CMakeFiles/nucleo-f413zh.out.dir/startup_stm32f413xx.s.obj
DMA2_Stream4_IRQHandler                           CMakeFiles/nucleo-f413zh.out.dir/startup_stm32f413xx.s.obj
DMA2_Stream5_IRQHandler                           CMakeFiles/nucleo-f413zh.out.dir/startup_stm32f413xx.s.obj
DMA2_Stream6_IRQHandler                           CMakeFiles/nucleo-f413zh.out.dir/startup_stm32f413xx.s.obj
DMA2_Stream7_IRQHandler                           CMakeFiles/nucleo-f413zh.out.dir/startup_stm32f413xx.s.obj
DebugMon_Handler                                  CMakeFiles/nucleo-f413zh.out.dir/Core/Src/stm32f4xx_it.c.obj
Default_Handler                                   CMakeFiles/nucleo-f413zh.out.dir/startup_stm32f413xx.s.obj
EXTI0_IRQHandler                                  CMakeFiles/nucleo-f413zh.out.dir/startup_stm32f413xx.s.obj
EXTI15_10_IRQHandler                              CMakeFiles/nucleo-f413zh.out.dir/startup_stm32f413xx.s.obj
EXTI1_IRQHandler                                  CMakeFiles/nucleo-f413zh.out.dir/startup_stm32f413xx.s.obj
EXTI2_IRQHandler                                  CMakeFiles/nucleo-f413zh.out.dir/startup_stm32f413xx.s.obj
EXTI3_IRQHandler                                  CMakeFiles/nucleo-f413zh.out.dir/startup_stm32f413xx.s.obj
EXTI4_IRQHandler                                  CMakeFiles/nucleo-f413zh.out.dir/startup_stm32f413xx.s.obj
EXTI9_5_IRQHandler                                CMakeFiles/nucleo-f413zh.out.dir/startup_stm32f413xx.s.obj
Error_Handler                                     CMakeFiles/nucleo-f413zh.out.dir/Core/Src/main.c.obj
FLASH_Erase_Sector                                CMakeFiles/nucleo-f413zh.out.dir/Drivers/STM32F4xx_HAL_Driver/Src/stm32f4xx_hal_flash_ex.c.obj
                                                  CMakeFiles/nucleo-f413zh.out.dir/Drivers/STM32F4xx_HAL_Driver/Src/stm32f4xx_hal_flash.c.obj
FLASH_FlushCaches                                 CMakeFiles/nucleo-f413zh.out.dir/Drivers/STM32F4xx_HAL_Driver/Src/stm32f4xx_hal_flash_ex.c.obj
                                                  CMakeFiles/nucleo-f413zh.out.dir/Drivers/STM32F4xx_HAL_Driver/Src/stm32f4xx_hal_flash.c.obj
FLASH_IRQHandler                                  CMakeFiles/nucleo-f413zh.out.dir/startup_stm32f413xx.s.obj
FLASH_WaitForLastOperation                        CMakeFiles/nucleo-f413zh.out.dir/Drivers/STM32F4xx_HAL_Driver/Src/stm32f4xx_hal_flash.c.obj
                                                  CMakeFiles/nucleo-f413zh.out.dir/Drivers/STM32F4xx_HAL_Driver/Src/stm32f4xx_hal_flash_ex.c.obj
FMPI2C1_ER_IRQHandler                             CMakeFiles/nucleo-f413zh.out.dir/startup_stm32f413xx.s.obj
FMPI2C1_EV_IRQHandler                             CMakeFiles/nucleo-f413zh.out.dir/startup_stm32f413xx.s.obj
FPU_IRQHandler                                    CMakeFiles/nucleo-f413zh.out.dir/startup_stm32f413xx.s.obj
FSMC_IRQHandler                                   CMakeFiles/nucleo-f413zh.out.dir/startup_stm32f413xx.s.obj
HAL_DBGMCU_DisableDBGSleepMode                    CMakeFiles/nucleo-f413zh.out.dir/Drivers/STM32F4xx_HAL_Driver/Src/stm32f4xx_hal.c.obj
HAL_DBGMCU_DisableDBGStandbyMode                  CMakeFiles/nucleo-f413zh.out.dir/Drivers/STM32F4xx_HAL_Driver/Src/stm32f4xx_hal.c.obj
HAL_DBGMCU_DisableDBGStopMode                     CMakeFiles/nucleo-f413zh.out.dir/Drivers/STM32F4xx_HAL_Driver/Src/stm32f4xx_hal.c.obj
HAL_DBGMCU_EnableDBGSleepMode                     CMakeFiles/nucleo-f413zh.out.dir/Drivers/STM32F4xx_HAL_Driver/Src/stm32f4xx_hal.c.obj
HAL_DBGMCU_EnableDBGStandbyMode                   CMakeFiles/nucleo-f413zh.out.dir/Drivers/STM32F4xx_HAL_Driver/Src/stm32f4xx_hal.c.obj
HAL_DBGMCU_EnableDBGStopMode                      CMakeFiles/nucleo-f413zh.out.dir/Drivers/STM32F4xx_HAL_Driver/Src/stm32f4xx_hal.c.obj
HAL_DMAEx_ChangeMemory                            CMakeFiles/nucleo-f413zh.out.dir/Drivers/STM32F4xx_HAL_Driver/Src/stm32f4xx_hal_dma_ex.c.obj
HAL_DMAEx_MultiBufferStart                        CMakeFiles/nucleo-f413zh.out.dir/Drivers/STM32F4xx_HAL_Driver/Src/stm32f4xx_hal_dma_ex.c.obj
HAL_DMAEx_MultiBufferStart_IT                     CMakeFiles/nucleo-f413zh.out.dir/Drivers/STM32F4xx_HAL_Driver/Src/stm32f4xx_hal_dma_ex.c.obj
HAL_DMA_Abort                                     CMakeFiles/nucleo-f413zh.out.dir/Drivers/STM32F4xx_HAL_Driver/Src/stm32f4xx_hal_dma.c.obj
                                                  CMakeFiles/nucleo-f413zh.out.dir/Drivers/STM32F4xx_HAL_Driver/Src/stm32f4xx_hal_uart.c.obj
HAL_DMA_Abort_IT                                  CMakeFiles/nucleo-f413zh.out.dir/Drivers/STM32F4xx_HAL_Driver/Src/stm32f4xx_hal_dma.c.obj
                                                  CMakeFiles/nucleo-f413zh.out.dir/Drivers/STM32F4xx_HAL_Driver/Src/stm32f4xx_hal_uart.c.obj
HAL_DMA_DeInit                                    CMakeFiles/nucleo-f413zh.out.dir/Drivers/STM32F4xx_HAL_Driver/Src/stm32f4xx_hal_dma.c.obj
HAL_DMA_GetError                                  CMakeFiles/nucleo-f413zh.out.dir/Drivers/STM32F4xx_HAL_Driver/Src/stm32f4xx_hal_dma.c.obj
                                                  CMakeFiles/nucleo-f413zh.out.dir/Drivers/STM32F4xx_HAL_Driver/Src/stm32f4xx_hal_uart.c.obj
HAL_DMA_GetState                                  CMakeFiles/nucleo-f413zh.out.dir/Drivers/STM32F4xx_HAL_Driver/Src/stm32f4xx_hal_dma.c.obj
HAL_DMA_IRQHandler                                CMakeFiles/nucleo-f413zh.out.dir/Drivers/STM32F4xx_HAL_Driver/Src/stm32f4xx_hal_dma.c.obj
HAL_DMA_Init                                      CMakeFiles/nucleo-f413zh.out.dir/Drivers/STM32F4xx_HAL_Driver/Src/stm32f4xx_hal_dma.c.obj
HAL_DMA_PollForTransfer                           CMakeFiles/nucleo-f413zh.out.dir/Drivers/STM32F4xx_HAL_Driver/Src/stm32f4xx_hal_dma.c.obj
HAL_DMA_RegisterCallback                          CMakeFiles/nucleo-f413zh.out.dir/Drivers/STM32F4xx_HAL_Driver/Src/stm32f4xx_hal_dma.c.obj
HAL_DMA_Start                                     CMakeFiles/nucleo-f413zh.out.dir/Drivers/STM32F4xx_HAL_Driver/Src/stm32f4xx_hal_dma.c.obj
HAL_DMA_Start_IT                                  CMakeFiles/nucleo-f413zh.out.dir/Drivers/STM32F4xx_HAL_Driver/Src/stm32f4xx_hal_dma.c.obj
                                                  CMakeFiles/nucleo-f413zh.out.dir/Drivers/STM32F4xx_HAL_Driver/Src/stm32f4xx_hal_uart.c.obj
HAL_DMA_UnRegisterCallback                        CMakeFiles/nucleo-f413zh.out.dir/Drivers/STM32F4xx_HAL_Driver/Src/stm32f4xx_hal_dma.c.obj
HAL_DeInit                                        CMakeFiles/nucleo-f413zh.out.dir/Drivers/STM32F4xx_HAL_Driver/Src/stm32f4xx_hal.c.obj
HAL_Delay                                         CMakeFiles/nucleo-f413zh.out.dir/Drivers/STM32F4xx_HAL_Driver/Src/stm32f4xx_hal.c.obj
                                                  CMakeFiles/nucleo-f413zh.out.dir/Drivers/STM32F4xx_HAL_Driver/Src/stm32f4xx_ll_usb.c.obj
                                                  CMakeFiles/nucleo-f413zh.out.dir/Drivers/STM32F4xx_HAL_Driver/Src/stm32f4xx_hal_pcd_ex.c.obj
HAL_DisableCompensationCell                       CMakeFiles/nucleo-f413zh.out.dir/Drivers/STM32F4xx_HAL_Driver/Src/stm32f4xx_hal.c.obj
HAL_EXTI_ClearConfigLine                          CMakeFiles/nucleo-f413zh.out.dir/Drivers/STM32F4xx_HAL_Driver/Src/stm32f4xx_hal_exti.c.obj
HAL_EXTI_ClearPending                             CMakeFiles/nucleo-f413zh.out.dir/Drivers/STM32F4xx_HAL_Driver/Src/stm32f4xx_hal_exti.c.obj
HAL_EXTI_GenerateSWI                              CMakeFiles/nucleo-f413zh.out.dir/Drivers/STM32F4xx_HAL_Driver/Src/stm32f4xx_hal_exti.c.obj
HAL_EXTI_GetConfigLine                            CMakeFiles/nucleo-f413zh.out.dir/Drivers/STM32F4xx_HAL_Driver/Src/stm32f4xx_hal_exti.c.obj
HAL_EXTI_GetHandle                                CMakeFiles/nucleo-f413zh.out.dir/Drivers/STM32F4xx_HAL_Driver/Src/stm32f4xx_hal_exti.c.obj
HAL_EXTI_GetPending                               CMakeFiles/nucleo-f413zh.out.dir/Drivers/STM32F4xx_HAL_Driver/Src/stm32f4xx_hal_exti.c.obj
HAL_EXTI_IRQHandler                               CMakeFiles/nucleo-f413zh.out.dir/Drivers/STM32F4xx_HAL_Driver/Src/stm32f4xx_hal_exti.c.obj
HAL_EXTI_RegisterCallback                         CMakeFiles/nucleo-f413zh.out.dir/Drivers/STM32F4xx_HAL_Driver/Src/stm32f4xx_hal_exti.c.obj
HAL_EXTI_SetConfigLine                            CMakeFiles/nucleo-f413zh.out.dir/Drivers/STM32F4xx_HAL_Driver/Src/stm32f4xx_hal_exti.c.obj
HAL_EnableCompensationCell                        CMakeFiles/nucleo-f413zh.out.dir/Drivers/STM32F4xx_HAL_Driver/Src/stm32f4xx_hal.c.obj
HAL_FLASHEx_AdvOBGetConfig                        CMakeFiles/nucleo-f413zh.out.dir/Drivers/STM32F4xx_HAL_Driver/Src/stm32f4xx_hal_flash_ex.c.obj
HAL_FLASHEx_AdvOBProgram                          CMakeFiles/nucleo-f413zh.out.dir/Drivers/STM32F4xx_HAL_Driver/Src/stm32f4xx_hal_flash_ex.c.obj
HAL_FLASHEx_Erase                                 CMakeFiles/nucleo-f413zh.out.dir/Drivers/STM32F4xx_HAL_Driver/Src/stm32f4xx_hal_flash_ex.c.obj
HAL_FLASHEx_Erase_IT                              CMakeFiles/nucleo-f413zh.out.dir/Drivers/STM32F4xx_HAL_Driver/Src/stm32f4xx_hal_flash_ex.c.obj
HAL_FLASHEx_OBGetConfig                           CMakeFiles/nucleo-f413zh.out.dir/Drivers/STM32F4xx_HAL_Driver/Src/stm32f4xx_hal_flash_ex.c.obj
HAL_FLASHEx_OBProgram                             CMakeFiles/nucleo-f413zh.out.dir/Drivers/STM32F4xx_HAL_Driver/Src/stm32f4xx_hal_flash_ex.c.obj
HAL_FLASHEx_OB_DeSelectPCROP                      CMakeFiles/nucleo-f413zh.out.dir/Drivers/STM32F4xx_HAL_Driver/Src/stm32f4xx_hal_flash_ex.c.obj
HAL_FLASHEx_OB_SelectPCROP                        CMakeFiles/nucleo-f413zh.out.dir/Drivers/STM32F4xx_HAL_Driver/Src/stm32f4xx_hal_flash_ex.c.obj
HAL_FLASH_EndOfOperationCallback                  CMakeFiles/nucleo-f413zh.out.dir/Drivers/STM32F4xx_HAL_Driver/Src/stm32f4xx_hal_flash.c.obj
HAL_FLASH_GetError                                CMakeFiles/nucleo-f413zh.out.dir/Drivers/STM32F4xx_HAL_Driver/Src/stm32f4xx_hal_flash.c.obj
HAL_FLASH_IRQHandler                              CMakeFiles/nucleo-f413zh.out.dir/Drivers/STM32F4xx_HAL_Driver/Src/stm32f4xx_hal_flash.c.obj
HAL_FLASH_Lock                                    CMakeFiles/nucleo-f413zh.out.dir/Drivers/STM32F4xx_HAL_Driver/Src/stm32f4xx_hal_flash.c.obj
HAL_FLASH_OB_Launch                               CMakeFiles/nucleo-f413zh.out.dir/Drivers/STM32F4xx_HAL_Driver/Src/stm32f4xx_hal_flash.c.obj
HAL_FLASH_OB_Lock                                 CMakeFiles/nucleo-f413zh.out.dir/Drivers/STM32F4xx_HAL_Driver/Src/stm32f4xx_hal_flash.c.obj
HAL_FLASH_OB_Unlock                               CMakeFiles/nucleo-f413zh.out.dir/Drivers/STM32F4xx_HAL_Driver/Src/stm32f4xx_hal_flash.c.obj
HAL_FLASH_OperationErrorCallback                  CMakeFiles/nucleo-f413zh.out.dir/Drivers/STM32F4xx_HAL_Driver/Src/stm32f4xx_hal_flash.c.obj
HAL_FLASH_Program                                 CMakeFiles/nucleo-f413zh.out.dir/Drivers/STM32F4xx_HAL_Driver/Src/stm32f4xx_hal_flash.c.obj
HAL_FLASH_Program_IT                              CMakeFiles/nucleo-f413zh.out.dir/Drivers/STM32F4xx_HAL_Driver/Src/stm32f4xx_hal_flash.c.obj
HAL_FLASH_Unlock                                  CMakeFiles/nucleo-f413zh.out.dir/Drivers/STM32F4xx_HAL_Driver/Src/stm32f4xx_hal_flash.c.obj
HAL_GPIO_DeInit                                   CMakeFiles/nucleo-f413zh.out.dir/Drivers/STM32F4xx_HAL_Driver/Src/stm32f4xx_hal_gpio.c.obj
                                                  CMakeFiles/nucleo-f413zh.out.dir/Core/Src/stm32f4xx_hal_msp.c.obj
HAL_GPIO_EXTI_Callback                            CMakeFiles/nucleo-f413zh.out.dir/Drivers/STM32F4xx_HAL_Driver/Src/stm32f4xx_hal_gpio.c.obj
HAL_GPIO_EXTI_IRQHandler                          CMakeFiles/nucleo-f413zh.out.dir/Drivers/STM32F4xx_HAL_Driver/Src/stm32f4xx_hal_gpio.c.obj
HAL_GPIO_Init                                     CMakeFiles/nucleo-f413zh.out.dir/Drivers/STM32F4xx_HAL_Driver/Src/stm32f4xx_hal_gpio.c.obj
                                                  CMakeFiles/nucleo-f413zh.out.dir/Core/Src/stm32f4xx_hal_msp.c.obj
                                                  CMakeFiles/nucleo-f413zh.out.dir/Core/Src/main.c.obj
                                                  CMakeFiles/nucleo-f413zh.out.dir/Drivers/STM32F4xx_HAL_Driver/Src/stm32f4xx_hal_rcc.c.obj
HAL_GPIO_LockPin                                  CMakeFiles/nucleo-f413zh.out.dir/Drivers/STM32F4xx_HAL_Driver/Src/stm32f4xx_hal_gpio.c.obj
HAL_GPIO_ReadPin                                  CMakeFiles/nucleo-f413zh.out.dir/Drivers/STM32F4xx_HAL_Driver/Src/stm32f4xx_hal_gpio.c.obj
HAL_GPIO_TogglePin                                CMakeFiles/nucleo-f413zh.out.dir/Drivers/STM32F4xx_HAL_Driver/Src/stm32f4xx_hal_gpio.c.obj
HAL_GPIO_WritePin                                 CMakeFiles/nucleo-f413zh.out.dir/Drivers/STM32F4xx_HAL_Driver/Src/stm32f4xx_hal_gpio.c.obj
                                                  CMakeFiles/nucleo-f413zh.out.dir/Core/Src/main.c.obj
HAL_GetDEVID                                      CMakeFiles/nucleo-f413zh.out.dir/Drivers/STM32F4xx_HAL_Driver/Src/stm32f4xx_hal.c.obj
HAL_GetHalVersion                                 CMakeFiles/nucleo-f413zh.out.dir/Drivers/STM32F4xx_HAL_Driver/Src/stm32f4xx_hal.c.obj
HAL_GetREVID                                      CMakeFiles/nucleo-f413zh.out.dir/Drivers/STM32F4xx_HAL_Driver/Src/stm32f4xx_hal.c.obj
HAL_GetTick                                       CMakeFiles/nucleo-f413zh.out.dir/Drivers/STM32F4xx_HAL_Driver/Src/stm32f4xx_hal.c.obj
                                                  CMakeFiles/nucleo-f413zh.out.dir/Drivers/STM32F4xx_HAL_Driver/Src/stm32f4xx_hal_pcd_ex.c.obj
                                                  CMakeFiles/nucleo-f413zh.out.dir/Drivers/STM32F4xx_HAL_Driver/Src/stm32f4xx_hal_pwr_ex.c.obj
                                                  CMakeFiles/nucleo-f413zh.out.dir/Drivers/STM32F4xx_HAL_Driver/Src/stm32f4xx_hal_dma.c.obj
                                                  CMakeFiles/nucleo-f413zh.out.dir/Drivers/STM32F4xx_HAL_Driver/Src/stm32f4xx_hal_flash.c.obj
                                                  CMakeFiles/nucleo-f413zh.out.dir/Drivers/STM32F4xx_HAL_Driver/Src/stm32f4xx_hal_rcc_ex.c.obj
                                                  CMakeFiles/nucleo-f413zh.out.dir/Drivers/STM32F4xx_HAL_Driver/Src/stm32f4xx_hal_rcc.c.obj
                                                  CMakeFiles/nucleo-f413zh.out.dir/Drivers/STM32F4xx_HAL_Driver/Src/stm32f4xx_hal_uart.c.obj
HAL_GetTickFreq                                   CMakeFiles/nucleo-f413zh.out.dir/Drivers/STM32F4xx_HAL_Driver/Src/stm32f4xx_hal.c.obj
HAL_GetTickPrio                                   CMakeFiles/nucleo-f413zh.out.dir/Drivers/STM32F4xx_HAL_Driver/Src/stm32f4xx_hal.c.obj
HAL_GetUIDw0                                      CMakeFiles/nucleo-f413zh.out.dir/Drivers/STM32F4xx_HAL_Driver/Src/stm32f4xx_hal.c.obj
HAL_GetUIDw1                                      CMakeFiles/nucleo-f413zh.out.dir/Drivers/STM32F4xx_HAL_Driver/Src/stm32f4xx_hal.c.obj
HAL_GetUIDw2                                      CMakeFiles/nucleo-f413zh.out.dir/Drivers/STM32F4xx_HAL_Driver/Src/stm32f4xx_hal.c.obj
HAL_HalfDuplex_EnableReceiver                     CMakeFiles/nucleo-f413zh.out.dir/Drivers/STM32F4xx_HAL_Driver/Src/stm32f4xx_hal_uart.c.obj
HAL_HalfDuplex_EnableTransmitter                  CMakeFiles/nucleo-f413zh.out.dir/Drivers/STM32F4xx_HAL_Driver/Src/stm32f4xx_hal_uart.c.obj
HAL_HalfDuplex_Init                               CMakeFiles/nucleo-f413zh.out.dir/Drivers/STM32F4xx_HAL_Driver/Src/stm32f4xx_hal_uart.c.obj
HAL_IncTick                                       CMakeFiles/nucleo-f413zh.out.dir/Drivers/STM32F4xx_HAL_Driver/Src/stm32f4xx_hal.c.obj
                                                  CMakeFiles/nucleo-f413zh.out.dir/Core/Src/stm32f4xx_it.c.obj
HAL_Init                                          CMakeFiles/nucleo-f413zh.out.dir/Drivers/STM32F4xx_HAL_Driver/Src/stm32f4xx_hal.c.obj
                                                  CMakeFiles/nucleo-f413zh.out.dir/Core/Src/main.c.obj
HAL_InitTick                                      CMakeFiles/nucleo-f413zh.out.dir/Drivers/STM32F4xx_HAL_Driver/Src/stm32f4xx_hal.c.obj
                                                  CMakeFiles/nucleo-f413zh.out.dir/Drivers/STM32F4xx_HAL_Driver/Src/stm32f4xx_hal_rcc_ex.c.obj
                                                  CMakeFiles/nucleo-f413zh.out.dir/Drivers/STM32F4xx_HAL_Driver/Src/stm32f4xx_hal_rcc.c.obj
HAL_LIN_Init                                      CMakeFiles/nucleo-f413zh.out.dir/Drivers/STM32F4xx_HAL_Driver/Src/stm32f4xx_hal_uart.c.obj
HAL_LIN_SendBreak                                 CMakeFiles/nucleo-f413zh.out.dir/Drivers/STM32F4xx_HAL_Driver/Src/stm32f4xx_hal_uart.c.obj
HAL_MPU_ConfigRegion                              CMakeFiles/nucleo-f413zh.out.dir/Drivers/STM32F4xx_HAL_Driver/Src/stm32f4xx_hal_cortex.c.obj
HAL_MPU_Disable                                   CMakeFiles/nucleo-f413zh.out.dir/Drivers/STM32F4xx_HAL_Driver/Src/stm32f4xx_hal_cortex.c.obj
HAL_MPU_Enable                                    CMakeFiles/nucleo-f413zh.out.dir/Drivers/STM32F4xx_HAL_Driver/Src/stm32f4xx_hal_cortex.c.obj
HAL_MspDeInit                                     CMakeFiles/nucleo-f413zh.out.dir/Drivers/STM32F4xx_HAL_Driver/Src/stm32f4xx_hal.c.obj
HAL_MspInit                                       CMakeFiles/nucleo-f413zh.out.dir/Core/Src/stm32f4xx_hal_msp.c.obj
                                                  CMakeFiles/nucleo-f413zh.out.dir/Drivers/STM32F4xx_HAL_Driver/Src/stm32f4xx_hal.c.obj
HAL_MultiProcessor_EnterMuteMode                  CMakeFiles/nucleo-f413zh.out.dir/Drivers/STM32F4xx_HAL_Driver/Src/stm32f4xx_hal_uart.c.obj
HAL_MultiProcessor_ExitMuteMode                   CMakeFiles/nucleo-f413zh.out.dir/Drivers/STM32F4xx_HAL_Driver/Src/stm32f4xx_hal_uart.c.obj
HAL_MultiProcessor_Init                           CMakeFiles/nucleo-f413zh.out.dir/Drivers/STM32F4xx_HAL_Driver/Src/stm32f4xx_hal_uart.c.obj
HAL_NVIC_ClearPendingIRQ                          CMakeFiles/nucleo-f413zh.out.dir/Drivers/STM32F4xx_HAL_Driver/Src/stm32f4xx_hal_cortex.c.obj
HAL_NVIC_DisableIRQ                               CMakeFiles/nucleo-f413zh.out.dir/Drivers/STM32F4xx_HAL_Driver/Src/stm32f4xx_hal_cortex.c.obj
HAL_NVIC_EnableIRQ                                CMakeFiles/nucleo-f413zh.out.dir/Drivers/STM32F4xx_HAL_Driver/Src/stm32f4xx_hal_cortex.c.obj
HAL_NVIC_GetActive                                CMakeFiles/nucleo-f413zh.out.dir/Drivers/STM32F4xx_HAL_Driver/Src/stm32f4xx_hal_cortex.c.obj
HAL_NVIC_GetPendingIRQ                            CMakeFiles/nucleo-f413zh.out.dir/Drivers/STM32F4xx_HAL_Driver/Src/stm32f4xx_hal_cortex.c.obj
HAL_NVIC_GetPriority                              CMakeFiles/nucleo-f413zh.out.dir/Drivers/STM32F4xx_HAL_Driver/Src/stm32f4xx_hal_cortex.c.obj
HAL_NVIC_GetPriorityGrouping                      CMakeFiles/nucleo-f413zh.out.dir/Drivers/STM32F4xx_HAL_Driver/Src/stm32f4xx_hal_cortex.c.obj
HAL_NVIC_SetPendingIRQ                            CMakeFiles/nucleo-f413zh.out.dir/Drivers/STM32F4xx_HAL_Driver/Src/stm32f4xx_hal_cortex.c.obj
HAL_NVIC_SetPriority                              CMakeFiles/nucleo-f413zh.out.dir/Drivers/STM32F4xx_HAL_Driver/Src/stm32f4xx_hal_cortex.c.obj
                                                  CMakeFiles/nucleo-f413zh.out.dir/Drivers/STM32F4xx_HAL_Driver/Src/stm32f4xx_hal.c.obj
HAL_NVIC_SetPriorityGrouping                      CMakeFiles/nucleo-f413zh.out.dir/Drivers/STM32F4xx_HAL_Driver/Src/stm32f4xx_hal_cortex.c.obj
                                                  CMakeFiles/nucleo-f413zh.out.dir/Drivers/STM32F4xx_HAL_Driver/Src/stm32f4xx_hal.c.obj
HAL_NVIC_SystemReset                              CMakeFiles/nucleo-f413zh.out.dir/Drivers/STM32F4xx_HAL_Driver/Src/stm32f4xx_hal_cortex.c.obj
HAL_PCDEx_ActivateBCD                             CMakeFiles/nucleo-f413zh.out.dir/Drivers/STM32F4xx_HAL_Driver/Src/stm32f4xx_hal_pcd_ex.c.obj
HAL_PCDEx_ActivateLPM                             CMakeFiles/nucleo-f413zh.out.dir/Drivers/STM32F4xx_HAL_Driver/Src/stm32f4xx_hal_pcd_ex.c.obj
                                                  CMakeFiles/nucleo-f413zh.out.dir/Drivers/STM32F4xx_HAL_Driver/Src/stm32f4xx_hal_pcd.c.obj
HAL_PCDEx_BCD_Callback                            CMakeFiles/nucleo-f413zh.out.dir/Drivers/STM32F4xx_HAL_Driver/Src/stm32f4xx_hal_pcd_ex.c.obj
HAL_PCDEx_BCD_VBUSDetect                          CMakeFiles/nucleo-f413zh.out.dir/Drivers/STM32F4xx_HAL_Driver/Src/stm32f4xx_hal_pcd_ex.c.obj
HAL_PCDEx_DeActivateBCD                           CMakeFiles/nucleo-f413zh.out.dir/Drivers/STM32F4xx_HAL_Driver/Src/stm32f4xx_hal_pcd_ex.c.obj
HAL_PCDEx_DeActivateLPM                           CMakeFiles/nucleo-f413zh.out.dir/Drivers/STM32F4xx_HAL_Driver/Src/stm32f4xx_hal_pcd_ex.c.obj
HAL_PCDEx_LPM_Callback                            CMakeFiles/nucleo-f413zh.out.dir/Drivers/STM32F4xx_HAL_Driver/Src/stm32f4xx_hal_pcd_ex.c.obj
                                                  CMakeFiles/nucleo-f413zh.out.dir/Drivers/STM32F4xx_HAL_Driver/Src/stm32f4xx_hal_pcd.c.obj
HAL_PCDEx_SetRxFiFo                               CMakeFiles/nucleo-f413zh.out.dir/Drivers/STM32F4xx_HAL_Driver/Src/stm32f4xx_hal_pcd_ex.c.obj
HAL_PCDEx_SetTxFiFo                               CMakeFiles/nucleo-f413zh.out.dir/Drivers/STM32F4xx_HAL_Driver/Src/stm32f4xx_hal_pcd_ex.c.obj
HAL_PCD_ActivateRemoteWakeup                      CMakeFiles/nucleo-f413zh.out.dir/Drivers/STM32F4xx_HAL_Driver/Src/stm32f4xx_hal_pcd.c.obj
HAL_PCD_ConnectCallback                           CMakeFiles/nucleo-f413zh.out.dir/Drivers/STM32F4xx_HAL_Driver/Src/stm32f4xx_hal_pcd.c.obj
HAL_PCD_DataInStageCallback                       CMakeFiles/nucleo-f413zh.out.dir/Drivers/STM32F4xx_HAL_Driver/Src/stm32f4xx_hal_pcd.c.obj
HAL_PCD_DataOutStageCallback                      CMakeFiles/nucleo-f413zh.out.dir/Drivers/STM32F4xx_HAL_Driver/Src/stm32f4xx_hal_pcd.c.obj
HAL_PCD_DeActivateRemoteWakeup                    CMakeFiles/nucleo-f413zh.out.dir/Drivers/STM32F4xx_HAL_Driver/Src/stm32f4xx_hal_pcd.c.obj
HAL_PCD_DeInit                                    CMakeFiles/nucleo-f413zh.out.dir/Drivers/STM32F4xx_HAL_Driver/Src/stm32f4xx_hal_pcd.c.obj
HAL_PCD_DevConnect                                CMakeFiles/nucleo-f413zh.out.dir/Drivers/STM32F4xx_HAL_Driver/Src/stm32f4xx_hal_pcd.c.obj
HAL_PCD_DevDisconnect                             CMakeFiles/nucleo-f413zh.out.dir/Drivers/STM32F4xx_HAL_Driver/Src/stm32f4xx_hal_pcd.c.obj
HAL_PCD_DisconnectCallback                        CMakeFiles/nucleo-f413zh.out.dir/Drivers/STM32F4xx_HAL_Driver/Src/stm32f4xx_hal_pcd.c.obj
HAL_PCD_EP_Close                                  CMakeFiles/nucleo-f413zh.out.dir/Drivers/STM32F4xx_HAL_Driver/Src/stm32f4xx_hal_pcd.c.obj
HAL_PCD_EP_ClrStall                               CMakeFiles/nucleo-f413zh.out.dir/Drivers/STM32F4xx_HAL_Driver/Src/stm32f4xx_hal_pcd.c.obj
HAL_PCD_EP_Flush                                  CMakeFiles/nucleo-f413zh.out.dir/Drivers/STM32F4xx_HAL_Driver/Src/stm32f4xx_hal_pcd.c.obj
HAL_PCD_EP_GetRxCount                             CMakeFiles/nucleo-f413zh.out.dir/Drivers/STM32F4xx_HAL_Driver/Src/stm32f4xx_hal_pcd.c.obj
HAL_PCD_EP_Open                                   CMakeFiles/nucleo-f413zh.out.dir/Drivers/STM32F4xx_HAL_Driver/Src/stm32f4xx_hal_pcd.c.obj
HAL_PCD_EP_Receive                                CMakeFiles/nucleo-f413zh.out.dir/Drivers/STM32F4xx_HAL_Driver/Src/stm32f4xx_hal_pcd.c.obj
HAL_PCD_EP_SetStall                               CMakeFiles/nucleo-f413zh.out.dir/Drivers/STM32F4xx_HAL_Driver/Src/stm32f4xx_hal_pcd.c.obj
HAL_PCD_EP_Transmit                               CMakeFiles/nucleo-f413zh.out.dir/Drivers/STM32F4xx_HAL_Driver/Src/stm32f4xx_hal_pcd.c.obj
HAL_PCD_GetState                                  CMakeFiles/nucleo-f413zh.out.dir/Drivers/STM32F4xx_HAL_Driver/Src/stm32f4xx_hal_pcd.c.obj
HAL_PCD_IRQHandler                                CMakeFiles/nucleo-f413zh.out.dir/Drivers/STM32F4xx_HAL_Driver/Src/stm32f4xx_hal_pcd.c.obj
HAL_PCD_ISOINIncompleteCallback                   CMakeFiles/nucleo-f413zh.out.dir/Drivers/STM32F4xx_HAL_Driver/Src/stm32f4xx_hal_pcd.c.obj
HAL_PCD_ISOOUTIncompleteCallback                  CMakeFiles/nucleo-f413zh.out.dir/Drivers/STM32F4xx_HAL_Driver/Src/stm32f4xx_hal_pcd.c.obj
HAL_PCD_Init                                      CMakeFiles/nucleo-f413zh.out.dir/Drivers/STM32F4xx_HAL_Driver/Src/stm32f4xx_hal_pcd.c.obj
                                                  CMakeFiles/nucleo-f413zh.out.dir/Core/Src/main.c.obj
HAL_PCD_MspDeInit                                 CMakeFiles/nucleo-f413zh.out.dir/Core/Src/stm32f4xx_hal_msp.c.obj
                                                  CMakeFiles/nucleo-f413zh.out.dir/Drivers/STM32F4xx_HAL_Driver/Src/stm32f4xx_hal_pcd.c.obj
HAL_PCD_MspInit                                   CMakeFiles/nucleo-f413zh.out.dir/Core/Src/stm32f4xx_hal_msp.c.obj
                                                  CMakeFiles/nucleo-f413zh.out.dir/Drivers/STM32F4xx_HAL_Driver/Src/stm32f4xx_hal_pcd.c.obj
HAL_PCD_ResetCallback                             CMakeFiles/nucleo-f413zh.out.dir/Drivers/STM32F4xx_HAL_Driver/Src/stm32f4xx_hal_pcd.c.obj
HAL_PCD_ResumeCallback                            CMakeFiles/nucleo-f413zh.out.dir/Drivers/STM32F4xx_HAL_Driver/Src/stm32f4xx_hal_pcd.c.obj
HAL_PCD_SOFCallback                               CMakeFiles/nucleo-f413zh.out.dir/Drivers/STM32F4xx_HAL_Driver/Src/stm32f4xx_hal_pcd.c.obj
HAL_PCD_SetAddress                                CMakeFiles/nucleo-f413zh.out.dir/Drivers/STM32F4xx_HAL_Driver/Src/stm32f4xx_hal_pcd.c.obj
HAL_PCD_SetupStageCallback                        CMakeFiles/nucleo-f413zh.out.dir/Drivers/STM32F4xx_HAL_Driver/Src/stm32f4xx_hal_pcd.c.obj
HAL_PCD_Start                                     CMakeFiles/nucleo-f413zh.out.dir/Drivers/STM32F4xx_HAL_Driver/Src/stm32f4xx_hal_pcd.c.obj
HAL_PCD_Stop                                      CMakeFiles/nucleo-f413zh.out.dir/Drivers/STM32F4xx_HAL_Driver/Src/stm32f4xx_hal_pcd.c.obj
HAL_PCD_SuspendCallback                           CMakeFiles/nucleo-f413zh.out.dir/Drivers/STM32F4xx_HAL_Driver/Src/stm32f4xx_hal_pcd.c.obj
HAL_PCD_WKUP_IRQHandler                           CMakeFiles/nucleo-f413zh.out.dir/Drivers/STM32F4xx_HAL_Driver/Src/stm32f4xx_hal_pcd.c.obj
HAL_PWREx_ControlVoltageScaling                   CMakeFiles/nucleo-f413zh.out.dir/Drivers/STM32F4xx_HAL_Driver/Src/stm32f4xx_hal_pwr_ex.c.obj
HAL_PWREx_DisableBkUpReg                          CMakeFiles/nucleo-f413zh.out.dir/Drivers/STM32F4xx_HAL_Driver/Src/stm32f4xx_hal_pwr_ex.c.obj
HAL_PWREx_DisableFlashPowerDown                   CMakeFiles/nucleo-f413zh.out.dir/Drivers/STM32F4xx_HAL_Driver/Src/stm32f4xx_hal_pwr_ex.c.obj
HAL_PWREx_DisableLowRegulatorLowVoltage           CMakeFiles/nucleo-f413zh.out.dir/Drivers/STM32F4xx_HAL_Driver/Src/stm32f4xx_hal_pwr_ex.c.obj
HAL_PWREx_DisableMainRegulatorLowVoltage          CMakeFiles/nucleo-f413zh.out.dir/Drivers/STM32F4xx_HAL_Driver/Src/stm32f4xx_hal_pwr_ex.c.obj
HAL_PWREx_EnableBkUpReg                           CMakeFiles/nucleo-f413zh.out.dir/Drivers/STM32F4xx_HAL_Driver/Src/stm32f4xx_hal_pwr_ex.c.obj
HAL_PWREx_EnableFlashPowerDown                    CMakeFiles/nucleo-f413zh.out.dir/Drivers/STM32F4xx_HAL_Driver/Src/stm32f4xx_hal_pwr_ex.c.obj
HAL_PWREx_EnableLowRegulatorLowVoltage            CMakeFiles/nucleo-f413zh.out.dir/Drivers/STM32F4xx_HAL_Driver/Src/stm32f4xx_hal_pwr_ex.c.obj
HAL_PWREx_EnableMainRegulatorLowVoltage           CMakeFiles/nucleo-f413zh.out.dir/Drivers/STM32F4xx_HAL_Driver/Src/stm32f4xx_hal_pwr_ex.c.obj
HAL_PWREx_GetVoltageRange                         CMakeFiles/nucleo-f413zh.out.dir/Drivers/STM32F4xx_HAL_Driver/Src/stm32f4xx_hal_pwr_ex.c.obj
HAL_PWR_ConfigPVD                                 CMakeFiles/nucleo-f413zh.out.dir/Drivers/STM32F4xx_HAL_Driver/Src/stm32f4xx_hal_pwr.c.obj
HAL_PWR_DeInit                                    CMakeFiles/nucleo-f413zh.out.dir/Drivers/STM32F4xx_HAL_Driver/Src/stm32f4xx_hal_pwr.c.obj
HAL_PWR_DisableBkUpAccess                         CMakeFiles/nucleo-f413zh.out.dir/Drivers/STM32F4xx_HAL_Driver/Src/stm32f4xx_hal_pwr.c.obj
HAL_PWR_DisablePVD                                CMakeFiles/nucleo-f413zh.out.dir/Drivers/STM32F4xx_HAL_Driver/Src/stm32f4xx_hal_pwr.c.obj
HAL_PWR_DisableSEVOnPend                          CMakeFiles/nucleo-f413zh.out.dir/Drivers/STM32F4xx_HAL_Driver/Src/stm32f4xx_hal_pwr.c.obj
HAL_PWR_DisableSleepOnExit                        CMakeFiles/nucleo-f413zh.out.dir/Drivers/STM32F4xx_HAL_Driver/Src/stm32f4xx_hal_pwr.c.obj
HAL_PWR_DisableWakeUpPin                          CMakeFiles/nucleo-f413zh.out.dir/Drivers/STM32F4xx_HAL_Driver/Src/stm32f4xx_hal_pwr.c.obj
HAL_PWR_EnableBkUpAccess                          CMakeFiles/nucleo-f413zh.out.dir/Drivers/STM32F4xx_HAL_Driver/Src/stm32f4xx_hal_pwr.c.obj
HAL_PWR_EnablePVD                                 CMakeFiles/nucleo-f413zh.out.dir/Drivers/STM32F4xx_HAL_Driver/Src/stm32f4xx_hal_pwr.c.obj
HAL_PWR_EnableSEVOnPend                           CMakeFiles/nucleo-f413zh.out.dir/Drivers/STM32F4xx_HAL_Driver/Src/stm32f4xx_hal_pwr.c.obj
HAL_PWR_EnableSleepOnExit                         CMakeFiles/nucleo-f413zh.out.dir/Drivers/STM32F4xx_HAL_Driver/Src/stm32f4xx_hal_pwr.c.obj
HAL_PWR_EnableWakeUpPin                           CMakeFiles/nucleo-f413zh.out.dir/Drivers/STM32F4xx_HAL_Driver/Src/stm32f4xx_hal_pwr.c.obj
HAL_PWR_EnterSLEEPMode                            CMakeFiles/nucleo-f413zh.out.dir/Drivers/STM32F4xx_HAL_Driver/Src/stm32f4xx_hal_pwr.c.obj
HAL_PWR_EnterSTANDBYMode                          CMakeFiles/nucleo-f413zh.out.dir/Drivers/STM32F4xx_HAL_Driver/Src/stm32f4xx_hal_pwr.c.obj
HAL_PWR_EnterSTOPMode                             CMakeFiles/nucleo-f413zh.out.dir/Drivers/STM32F4xx_HAL_Driver/Src/stm32f4xx_hal_pwr.c.obj
HAL_PWR_PVDCallback                               CMakeFiles/nucleo-f413zh.out.dir/Drivers/STM32F4xx_HAL_Driver/Src/stm32f4xx_hal_pwr.c.obj
HAL_PWR_PVD_IRQHandler                            CMakeFiles/nucleo-f413zh.out.dir/Drivers/STM32F4xx_HAL_Driver/Src/stm32f4xx_hal_pwr.c.obj
HAL_RCCEx_DisablePLLI2S                           CMakeFiles/nucleo-f413zh.out.dir/Drivers/STM32F4xx_HAL_Driver/Src/stm32f4xx_hal_rcc_ex.c.obj
HAL_RCCEx_EnablePLLI2S                            CMakeFiles/nucleo-f413zh.out.dir/Drivers/STM32F4xx_HAL_Driver/Src/stm32f4xx_hal_rcc_ex.c.obj
HAL_RCCEx_GetPeriphCLKConfig                      CMakeFiles/nucleo-f413zh.out.dir/Drivers/STM32F4xx_HAL_Driver/Src/stm32f4xx_hal_rcc_ex.c.obj
HAL_RCCEx_GetPeriphCLKFreq                        CMakeFiles/nucleo-f413zh.out.dir/Drivers/STM32F4xx_HAL_Driver/Src/stm32f4xx_hal_rcc_ex.c.obj
HAL_RCCEx_PeriphCLKConfig                         CMakeFiles/nucleo-f413zh.out.dir/Drivers/STM32F4xx_HAL_Driver/Src/stm32f4xx_hal_rcc_ex.c.obj
                                                  CMakeFiles/nucleo-f413zh.out.dir/Core/Src/main.c.obj
HAL_RCCEx_SelectLSEMode                           CMakeFiles/nucleo-f413zh.out.dir/Drivers/STM32F4xx_HAL_Driver/Src/stm32f4xx_hal_rcc_ex.c.obj
HAL_RCC_CSSCallback                               CMakeFiles/nucleo-f413zh.out.dir/Drivers/STM32F4xx_HAL_Driver/Src/stm32f4xx_hal_rcc.c.obj
HAL_RCC_ClockConfig                               CMakeFiles/nucleo-f413zh.out.dir/Drivers/STM32F4xx_HAL_Driver/Src/stm32f4xx_hal_rcc.c.obj
                                                  CMakeFiles/nucleo-f413zh.out.dir/Core/Src/main.c.obj
HAL_RCC_DeInit                                    CMakeFiles/nucleo-f413zh.out.dir/Drivers/STM32F4xx_HAL_Driver/Src/stm32f4xx_hal_rcc_ex.c.obj
                                                  CMakeFiles/nucleo-f413zh.out.dir/Drivers/STM32F4xx_HAL_Driver/Src/stm32f4xx_hal_rcc.c.obj
HAL_RCC_DisableCSS                                CMakeFiles/nucleo-f413zh.out.dir/Drivers/STM32F4xx_HAL_Driver/Src/stm32f4xx_hal_rcc.c.obj
HAL_RCC_EnableCSS                                 CMakeFiles/nucleo-f413zh.out.dir/Drivers/STM32F4xx_HAL_Driver/Src/stm32f4xx_hal_rcc.c.obj
HAL_RCC_GetClockConfig                            CMakeFiles/nucleo-f413zh.out.dir/Drivers/STM32F4xx_HAL_Driver/Src/stm32f4xx_hal_rcc.c.obj
HAL_RCC_GetHCLKFreq                               CMakeFiles/nucleo-f413zh.out.dir/Drivers/STM32F4xx_HAL_Driver/Src/stm32f4xx_hal_rcc.c.obj
                                                  CMakeFiles/nucleo-f413zh.out.dir/Drivers/STM32F4xx_HAL_Driver/Src/stm32f4xx_hal_pcd.c.obj
HAL_RCC_GetOscConfig                              CMakeFiles/nucleo-f413zh.out.dir/Drivers/STM32F4xx_HAL_Driver/Src/stm32f4xx_hal_rcc_ex.c.obj
                                                  CMakeFiles/nucleo-f413zh.out.dir/Drivers/STM32F4xx_HAL_Driver/Src/stm32f4xx_hal_rcc.c.obj
HAL_RCC_GetPCLK1Freq                              CMakeFiles/nucleo-f413zh.out.dir/Drivers/STM32F4xx_HAL_Driver/Src/stm32f4xx_hal_rcc.c.obj
                                                  CMakeFiles/nucleo-f413zh.out.dir/Drivers/STM32F4xx_HAL_Driver/Src/stm32f4xx_hal_uart.c.obj
HAL_RCC_GetPCLK2Freq                              CMakeFiles/nucleo-f413zh.out.dir/Drivers/STM32F4xx_HAL_Driver/Src/stm32f4xx_hal_rcc.c.obj
                                                  CMakeFiles/nucleo-f413zh.out.dir/Drivers/STM32F4xx_HAL_Driver/Src/stm32f4xx_hal_uart.c.obj
HAL_RCC_GetSysClockFreq                           CMakeFiles/nucleo-f413zh.out.dir/Drivers/STM32F4xx_HAL_Driver/Src/stm32f4xx_hal_rcc.c.obj
HAL_RCC_MCOConfig                                 CMakeFiles/nucleo-f413zh.out.dir/Drivers/STM32F4xx_HAL_Driver/Src/stm32f4xx_hal_rcc.c.obj
HAL_RCC_NMI_IRQHandler                            CMakeFiles/nucleo-f413zh.out.dir/Drivers/STM32F4xx_HAL_Driver/Src/stm32f4xx_hal_rcc.c.obj
HAL_RCC_OscConfig                                 CMakeFiles/nucleo-f413zh.out.dir/Drivers/STM32F4xx_HAL_Driver/Src/stm32f4xx_hal_rcc_ex.c.obj
                                                  CMakeFiles/nucleo-f413zh.out.dir/Drivers/STM32F4xx_HAL_Driver/Src/stm32f4xx_hal_rcc.c.obj
                                                  CMakeFiles/nucleo-f413zh.out.dir/Core/Src/main.c.obj
HAL_ResumeTick                                    CMakeFiles/nucleo-f413zh.out.dir/Drivers/STM32F4xx_HAL_Driver/Src/stm32f4xx_hal.c.obj
HAL_SYSTICK_CLKSourceConfig                       CMakeFiles/nucleo-f413zh.out.dir/Drivers/STM32F4xx_HAL_Driver/Src/stm32f4xx_hal_cortex.c.obj
HAL_SYSTICK_Callback                              CMakeFiles/nucleo-f413zh.out.dir/Drivers/STM32F4xx_HAL_Driver/Src/stm32f4xx_hal_cortex.c.obj
HAL_SYSTICK_Config                                CMakeFiles/nucleo-f413zh.out.dir/Drivers/STM32F4xx_HAL_Driver/Src/stm32f4xx_hal_cortex.c.obj
                                                  CMakeFiles/nucleo-f413zh.out.dir/Drivers/STM32F4xx_HAL_Driver/Src/stm32f4xx_hal.c.obj
HAL_SYSTICK_IRQHandler                            CMakeFiles/nucleo-f413zh.out.dir/Drivers/STM32F4xx_HAL_Driver/Src/stm32f4xx_hal_cortex.c.obj
HAL_SetTickFreq                                   CMakeFiles/nucleo-f413zh.out.dir/Drivers/STM32F4xx_HAL_Driver/Src/stm32f4xx_hal.c.obj
HAL_SuspendTick                                   CMakeFiles/nucleo-f413zh.out.dir/Drivers/STM32F4xx_HAL_Driver/Src/stm32f4xx_hal.c.obj
HAL_UARTEx_ReceiveToIdle                          CMakeFiles/nucleo-f413zh.out.dir/Drivers/STM32F4xx_HAL_Driver/Src/stm32f4xx_hal_uart.c.obj
HAL_UARTEx_ReceiveToIdle_DMA                      CMakeFiles/nucleo-f413zh.out.dir/Drivers/STM32F4xx_HAL_Driver/Src/stm32f4xx_hal_uart.c.obj
HAL_UARTEx_ReceiveToIdle_IT                       CMakeFiles/nucleo-f413zh.out.dir/Drivers/STM32F4xx_HAL_Driver/Src/stm32f4xx_hal_uart.c.obj
HAL_UARTEx_RxEventCallback                        CMakeFiles/nucleo-f413zh.out.dir/Drivers/STM32F4xx_HAL_Driver/Src/stm32f4xx_hal_uart.c.obj
HAL_UART_Abort                                    CMakeFiles/nucleo-f413zh.out.dir/Drivers/STM32F4xx_HAL_Driver/Src/stm32f4xx_hal_uart.c.obj
HAL_UART_AbortCpltCallback                        CMakeFiles/nucleo-f413zh.out.dir/Drivers/STM32F4xx_HAL_Driver/Src/stm32f4xx_hal_uart.c.obj
HAL_UART_AbortReceive                             CMakeFiles/nucleo-f413zh.out.dir/Drivers/STM32F4xx_HAL_Driver/Src/stm32f4xx_hal_uart.c.obj
HAL_UART_AbortReceiveCpltCallback                 CMakeFiles/nucleo-f413zh.out.dir/Drivers/STM32F4xx_HAL_Driver/Src/stm32f4xx_hal_uart.c.obj
HAL_UART_AbortReceive_IT                          CMakeFiles/nucleo-f413zh.out.dir/Drivers/STM32F4xx_HAL_Driver/Src/stm32f4xx_hal_uart.c.obj
HAL_UART_AbortTransmit                            CMakeFiles/nucleo-f413zh.out.dir/Drivers/STM32F4xx_HAL_Driver/Src/stm32f4xx_hal_uart.c.obj
HAL_UART_AbortTransmitCpltCallback                CMakeFiles/nucleo-f413zh.out.dir/Drivers/STM32F4xx_HAL_Driver/Src/stm32f4xx_hal_uart.c.obj
HAL_UART_AbortTransmit_IT                         CMakeFiles/nucleo-f413zh.out.dir/Drivers/STM32F4xx_HAL_Driver/Src/stm32f4xx_hal_uart.c.obj
HAL_UART_Abort_IT                                 CMakeFiles/nucleo-f413zh.out.dir/Drivers/STM32F4xx_HAL_Driver/Src/stm32f4xx_hal_uart.c.obj
HAL_UART_DMAPause                                 CMakeFiles/nucleo-f413zh.out.dir/Drivers/STM32F4xx_HAL_Driver/Src/stm32f4xx_hal_uart.c.obj
HAL_UART_DMAResume                                CMakeFiles/nucleo-f413zh.out.dir/Drivers/STM32F4xx_HAL_Driver/Src/stm32f4xx_hal_uart.c.obj
HAL_UART_DMAStop                                  CMakeFiles/nucleo-f413zh.out.dir/Drivers/STM32F4xx_HAL_Driver/Src/stm32f4xx_hal_uart.c.obj
HAL_UART_DeInit                                   CMakeFiles/nucleo-f413zh.out.dir/Drivers/STM32F4xx_HAL_Driver/Src/stm32f4xx_hal_uart.c.obj
HAL_UART_ErrorCallback                            CMakeFiles/nucleo-f413zh.out.dir/Drivers/STM32F4xx_HAL_Driver/Src/stm32f4xx_hal_uart.c.obj
HAL_UART_GetError                                 CMakeFiles/nucleo-f413zh.out.dir/Drivers/STM32F4xx_HAL_Driver/Src/stm32f4xx_hal_uart.c.obj
HAL_UART_GetState                                 CMakeFiles/nucleo-f413zh.out.dir/Drivers/STM32F4xx_HAL_Driver/Src/stm32f4xx_hal_uart.c.obj
HAL_UART_IRQHandler                               CMakeFiles/nucleo-f413zh.out.dir/Drivers/STM32F4xx_HAL_Driver/Src/stm32f4xx_hal_uart.c.obj
HAL_UART_Init                                     CMakeFiles/nucleo-f413zh.out.dir/Drivers/STM32F4xx_HAL_Driver/Src/stm32f4xx_hal_uart.c.obj
                                                  CMakeFiles/nucleo-f413zh.out.dir/Core/Src/main.c.obj
HAL_UART_MspDeInit                                CMakeFiles/nucleo-f413zh.out.dir/Core/Src/stm32f4xx_hal_msp.c.obj
                                                  CMakeFiles/nucleo-f413zh.out.dir/Drivers/STM32F4xx_HAL_Driver/Src/stm32f4xx_hal_uart.c.obj
HAL_UART_MspInit                                  CMakeFiles/nucleo-f413zh.out.dir/Core/Src/stm32f4xx_hal_msp.c.obj
                                                  CMakeFiles/nucleo-f413zh.out.dir/Drivers/STM32F4xx_HAL_Driver/Src/stm32f4xx_hal_uart.c.obj
HAL_UART_Receive                                  CMakeFiles/nucleo-f413zh.out.dir/Drivers/STM32F4xx_HAL_Driver/Src/stm32f4xx_hal_uart.c.obj
HAL_UART_Receive_DMA                              CMakeFiles/nucleo-f413zh.out.dir/Drivers/STM32F4xx_HAL_Driver/Src/stm32f4xx_hal_uart.c.obj
HAL_UART_Receive_IT                               CMakeFiles/nucleo-f413zh.out.dir/Drivers/STM32F4xx_HAL_Driver/Src/stm32f4xx_hal_uart.c.obj
HAL_UART_RxCpltCallback                           CMakeFiles/nucleo-f413zh.out.dir/Drivers/STM32F4xx_HAL_Driver/Src/stm32f4xx_hal_uart.c.obj
HAL_UART_RxHalfCpltCallback                       CMakeFiles/nucleo-f413zh.out.dir/Drivers/STM32F4xx_HAL_Driver/Src/stm32f4xx_hal_uart.c.obj
HAL_UART_Transmit                                 CMakeFiles/nucleo-f413zh.out.dir/Drivers/STM32F4xx_HAL_Driver/Src/stm32f4xx_hal_uart.c.obj
HAL_UART_Transmit_DMA                             CMakeFiles/nucleo-f413zh.out.dir/Drivers/STM32F4xx_HAL_Driver/Src/stm32f4xx_hal_uart.c.obj
HAL_UART_Transmit_IT                              CMakeFiles/nucleo-f413zh.out.dir/Drivers/STM32F4xx_HAL_Driver/Src/stm32f4xx_hal_uart.c.obj
HAL_UART_TxCpltCallback                           CMakeFiles/nucleo-f413zh.out.dir/Drivers/STM32F4xx_HAL_Driver/Src/stm32f4xx_hal_uart.c.obj
HAL_UART_TxHalfCpltCallback                       CMakeFiles/nucleo-f413zh.out.dir/Drivers/STM32F4xx_HAL_Driver/Src/stm32f4xx_hal_uart.c.obj
HardFault_Handler                                 CMakeFiles/nucleo-f413zh.out.dir/Core/Src/stm32f4xx_it.c.obj
I2C1_ER_IRQHandler                                CMakeFiles/nucleo-f413zh.out.dir/startup_stm32f413xx.s.obj
I2C1_EV_IRQHandler                                CMakeFiles/nucleo-f413zh.out.dir/startup_stm32f413xx.s.obj
I2C2_ER_IRQHandler                                CMakeFiles/nucleo-f413zh.out.dir/startup_stm32f413xx.s.obj
I2C2_EV_IRQHandler                                CMakeFiles/nucleo-f413zh.out.dir/startup_stm32f413xx.s.obj
I2C3_ER_IRQHandler                                CMakeFiles/nucleo-f413zh.out.dir/startup_stm32f413xx.s.obj
I2C3_EV_IRQHandler                                CMakeFiles/nucleo-f413zh.out.dir/startup_stm32f413xx.s.obj